Copyright 1986-2020 Xilinx, Inc. All Rights Reserved.
-----------------------------------------------------------------------------------------------------------------------------------------------------------------------------------
| Tool Version : Vivado v.2020.1 (win64) Build 2902540 Wed May 27 19:54:49 MDT 2020
| Date         : Tue Dec 30 11:31:18 2025
| Host         : WIN-DQCLN0PBKKI running 64-bit major release  (build 9200)
| Command      : report_methodology -file uav_sar_wrapper_methodology_drc_routed.rpt -pb uav_sar_wrapper_methodology_drc_routed.pb -rpx uav_sar_wrapper_methodology_drc_routed.rpx
| Design       : uav_sar_wrapper
| Device       : xczu2cg-sfvc784-1-e
| Speed File   : -1
| Design State : Fully Routed
-----------------------------------------------------------------------------------------------------------------------------------------------------------------------------------

Report Methodology

Table of Contents
-----------------
1. REPORT SUMMARY
2. REPORT DETAILS

1. REPORT SUMMARY
-----------------
            Netlist: netlist
          Floorplan: design_1
      Design limits: <entire design considered>
             Max violations: <unlimited>
             Violations found: 48
+-----------+------------------+----------------------------------------------------+------------+
| Rule      | Severity         | Description                                        | Violations |
+-----------+------------------+----------------------------------------------------+------------+
| TIMING-2  | Critical Warning | Invalid primary clock source pin                   | 1          |
| TIMING-4  | Critical Warning | Invalid primary clock redefinition on a clock tree | 1          |
| TIMING-6  | Critical Warning | No common primary clock between related clocks     | 2          |
| TIMING-7  | Critical Warning | No common node between related clocks              | 2          |
| LUTAR-1   | Warning          | LUT drives async reset alert                       | 5          |
| TIMING-15 | Warning          | Large hold violation on inter-clock path           | 2          |
| TIMING-16 | Warning          | Large setup violation                              | 16         |
| TIMING-18 | Warning          | Missing input or output delay                      | 18         |
| CLKC-58   | Advisory         | PLLE4 with global clock driver has no LOC          | 1          |
+-----------+------------------+----------------------------------------------------+------------+

2. REPORT DETAILS
-----------------
TIMING-2#1 Critical Warning
Invalid primary clock source pin  
A primary clock uav_sar_i/zynq_ultra_pl/clk_wiz/inst/clk_in1 is created on an inappropriate pin uav_sar_i/zynq_ultra_pl/clk_wiz/inst/clk_in1. It is recommended to create a primary clock only on a proper clock source (input port or primitive output pin with no timing arc)
Related violations: <none>

TIMING-4#1 Critical Warning
Invalid primary clock redefinition on a clock tree  
Invalid clock redefinition on a clock tree. The primary clock uav_sar_i/zynq_ultra_pl/clk_wiz/inst/clk_in1 is defined downstream of clock clk_pl_0 and overrides its insertion delay and/or waveform definition
Related violations: <none>

TIMING-6#1 Critical Warning
No common primary clock between related clocks  
The clocks adc_clk[0] and clk_out1_uav_sar_clk_wiz_0_0 are related (timed together) but they have no common primary clock. The design could fail in hardware. To find a timing path between these clocks, run the following command: report_timing -from [get_clocks adc_clk[0]] -to [get_clocks clk_out1_uav_sar_clk_wiz_0_0]
Related violations: <none>

TIMING-6#2 Critical Warning
No common primary clock between related clocks  
The clocks clk_out1_uav_sar_clk_wiz_0_0 and adc_clk[0] are related (timed together) but they have no common primary clock. The design could fail in hardware. To find a timing path between these clocks, run the following command: report_timing -from [get_clocks clk_out1_uav_sar_clk_wiz_0_0] -to [get_clocks adc_clk[0]]
Related violations: <none>

TIMING-7#1 Critical Warning
No common node between related clocks  
The clocks adc_clk[0] and clk_out1_uav_sar_clk_wiz_0_0 are related (timed together) but they have no common node. The design could fail in hardware. To find a timing path between these clocks, run the following command: report_timing -from [get_clocks adc_clk[0]] -to [get_clocks clk_out1_uav_sar_clk_wiz_0_0]
Related violations: <none>

TIMING-7#2 Critical Warning
No common node between related clocks  
The clocks clk_out1_uav_sar_clk_wiz_0_0 and adc_clk[0] are related (timed together) but they have no common node. The design could fail in hardware. To find a timing path between these clocks, run the following command: report_timing -from [get_clocks clk_out1_uav_sar_clk_wiz_0_0] -to [get_clocks adc_clk[0]]
Related violations: <none>

LUTAR-1#1 Warning
LUT drives async reset alert  
LUT cell dbg_hub/inst/BSCANID.u_xsdbm_id/CORE_XSDB.UUT_MASTER/U_ICON_INTERFACE/U_CMD6_RD/U_RD_FIFO/SUBCORE_FIFO.xsdbm_v3_0_0_rdfifo_inst/inst_fifo_gen/gconvfifo.rf/grf.rf/rstblk/ngwrdrst.grst.g7serrst.gwrrd_rst_sync_stage[2].rrst_inst/ngwrdrst.grst.g7serrst.rd_rst_reg[2]_i_1, with 2 or more inputs, drives asynchronous preset/clear pin(s) dbg_hub/inst/BSCANID.u_xsdbm_id/CORE_XSDB.UUT_MASTER/U_ICON_INTERFACE/U_CMD6_RD/U_RD_FIFO/SUBCORE_FIFO.xsdbm_v3_0_0_rdfifo_inst/inst_fifo_gen/gconvfifo.rf/grf.rf/rstblk/ngwrdrst.grst.g7serrst.rd_rst_reg_reg[0]/PRE,
dbg_hub/inst/BSCANID.u_xsdbm_id/CORE_XSDB.UUT_MASTER/U_ICON_INTERFACE/U_CMD6_RD/U_RD_FIFO/SUBCORE_FIFO.xsdbm_v3_0_0_rdfifo_inst/inst_fifo_gen/gconvfifo.rf/grf.rf/rstblk/ngwrdrst.grst.g7serrst.rd_rst_reg_reg[1]/PRE,
dbg_hub/inst/BSCANID.u_xsdbm_id/CORE_XSDB.UUT_MASTER/U_ICON_INTERFACE/U_CMD6_RD/U_RD_FIFO/SUBCORE_FIFO.xsdbm_v3_0_0_rdfifo_inst/inst_fifo_gen/gconvfifo.rf/grf.rf/rstblk/ngwrdrst.grst.g7serrst.rd_rst_reg_reg[2]/PRE. The LUT may glitch and trigger an unexpected reset, even if it is a properly timed path.
Related violations: <none>

LUTAR-1#2 Warning
LUT drives async reset alert  
LUT cell dbg_hub/inst/BSCANID.u_xsdbm_id/CORE_XSDB.UUT_MASTER/U_ICON_INTERFACE/U_CMD6_RD/U_RD_FIFO/SUBCORE_FIFO.xsdbm_v3_0_0_rdfifo_inst/inst_fifo_gen/gconvfifo.rf/grf.rf/rstblk/ngwrdrst.grst.g7serrst.gwrrd_rst_sync_stage[2].wrst_inst/ngwrdrst.grst.g7serrst.wr_rst_reg[2]_i_1, with 2 or more inputs, drives asynchronous preset/clear pin(s) dbg_hub/inst/BSCANID.u_xsdbm_id/CORE_XSDB.UUT_MASTER/U_ICON_INTERFACE/U_CMD6_RD/U_RD_FIFO/SUBCORE_FIFO.xsdbm_v3_0_0_rdfifo_inst/inst_fifo_gen/gconvfifo.rf/grf.rf/rstblk/ngwrdrst.grst.g7serrst.wr_rst_reg_reg[0]/PRE,
dbg_hub/inst/BSCANID.u_xsdbm_id/CORE_XSDB.UUT_MASTER/U_ICON_INTERFACE/U_CMD6_RD/U_RD_FIFO/SUBCORE_FIFO.xsdbm_v3_0_0_rdfifo_inst/inst_fifo_gen/gconvfifo.rf/grf.rf/rstblk/ngwrdrst.grst.g7serrst.wr_rst_reg_reg[1]/PRE,
dbg_hub/inst/BSCANID.u_xsdbm_id/CORE_XSDB.UUT_MASTER/U_ICON_INTERFACE/U_CMD6_RD/U_RD_FIFO/SUBCORE_FIFO.xsdbm_v3_0_0_rdfifo_inst/inst_fifo_gen/gconvfifo.rf/grf.rf/rstblk/ngwrdrst.grst.g7serrst.wr_rst_reg_reg[2]/PRE. The LUT may glitch and trigger an unexpected reset, even if it is a properly timed path.
Related violations: <none>

LUTAR-1#3 Warning
LUT drives async reset alert  
LUT cell dbg_hub/inst/BSCANID.u_xsdbm_id/CORE_XSDB.UUT_MASTER/U_ICON_INTERFACE/U_CMD6_WR/U_WR_FIFO/SUBCORE_FIFO.xsdbm_v3_0_0_wrfifo_inst/inst_fifo_gen/gconvfifo.rf/grf.rf/rstblk/ngwrdrst.grst.g7serrst.gwrrd_rst_sync_stage[2].rrst_inst/ngwrdrst.grst.g7serrst.rd_rst_reg[2]_i_1, with 2 or more inputs, drives asynchronous preset/clear pin(s) dbg_hub/inst/BSCANID.u_xsdbm_id/CORE_XSDB.UUT_MASTER/U_ICON_INTERFACE/U_CMD6_WR/U_WR_FIFO/SUBCORE_FIFO.xsdbm_v3_0_0_wrfifo_inst/inst_fifo_gen/gconvfifo.rf/grf.rf/rstblk/ngwrdrst.grst.g7serrst.rd_rst_reg_reg[0]/PRE,
dbg_hub/inst/BSCANID.u_xsdbm_id/CORE_XSDB.UUT_MASTER/U_ICON_INTERFACE/U_CMD6_WR/U_WR_FIFO/SUBCORE_FIFO.xsdbm_v3_0_0_wrfifo_inst/inst_fifo_gen/gconvfifo.rf/grf.rf/rstblk/ngwrdrst.grst.g7serrst.rd_rst_reg_reg[1]/PRE,
dbg_hub/inst/BSCANID.u_xsdbm_id/CORE_XSDB.UUT_MASTER/U_ICON_INTERFACE/U_CMD6_WR/U_WR_FIFO/SUBCORE_FIFO.xsdbm_v3_0_0_wrfifo_inst/inst_fifo_gen/gconvfifo.rf/grf.rf/rstblk/ngwrdrst.grst.g7serrst.rd_rst_reg_reg[2]/PRE. The LUT may glitch and trigger an unexpected reset, even if it is a properly timed path.
Related violations: <none>

LUTAR-1#4 Warning
LUT drives async reset alert  
LUT cell dbg_hub/inst/BSCANID.u_xsdbm_id/CORE_XSDB.UUT_MASTER/U_ICON_INTERFACE/U_CMD6_WR/U_WR_FIFO/SUBCORE_FIFO.xsdbm_v3_0_0_wrfifo_inst/inst_fifo_gen/gconvfifo.rf/grf.rf/rstblk/ngwrdrst.grst.g7serrst.gwrrd_rst_sync_stage[2].wrst_inst/ngwrdrst.grst.g7serrst.wr_rst_reg[2]_i_1, with 2 or more inputs, drives asynchronous preset/clear pin(s) dbg_hub/inst/BSCANID.u_xsdbm_id/CORE_XSDB.UUT_MASTER/U_ICON_INTERFACE/U_CMD6_WR/U_WR_FIFO/SUBCORE_FIFO.xsdbm_v3_0_0_wrfifo_inst/inst_fifo_gen/gconvfifo.rf/grf.rf/rstblk/ngwrdrst.grst.g7serrst.wr_rst_reg_reg[0]/PRE,
dbg_hub/inst/BSCANID.u_xsdbm_id/CORE_XSDB.UUT_MASTER/U_ICON_INTERFACE/U_CMD6_WR/U_WR_FIFO/SUBCORE_FIFO.xsdbm_v3_0_0_wrfifo_inst/inst_fifo_gen/gconvfifo.rf/grf.rf/rstblk/ngwrdrst.grst.g7serrst.wr_rst_reg_reg[1]/PRE,
dbg_hub/inst/BSCANID.u_xsdbm_id/CORE_XSDB.UUT_MASTER/U_ICON_INTERFACE/U_CMD6_WR/U_WR_FIFO/SUBCORE_FIFO.xsdbm_v3_0_0_wrfifo_inst/inst_fifo_gen/gconvfifo.rf/grf.rf/rstblk/ngwrdrst.grst.g7serrst.wr_rst_reg_reg[2]/PRE. The LUT may glitch and trigger an unexpected reset, even if it is a properly timed path.
Related violations: <none>

LUTAR-1#5 Warning
LUT drives async reset alert  
LUT cell dbg_hub/inst/BSCANID.u_xsdbm_id/SWITCH_N_EXT_BSCAN.bscan_switch/m_bscan_sel[0]_INST_0, with 2 or more inputs, drives asynchronous preset/clear pin(s) dbg_hub/inst/BSCANID.u_xsdbm_id/CORE_XSDB.U_ICON/U_CMD/iTARGET_reg[10]/CLR,
dbg_hub/inst/BSCANID.u_xsdbm_id/CORE_XSDB.U_ICON/U_CMD/iTARGET_reg[11]/CLR,
dbg_hub/inst/BSCANID.u_xsdbm_id/CORE_XSDB.U_ICON/U_CMD/iTARGET_reg[12]/CLR,
dbg_hub/inst/BSCANID.u_xsdbm_id/CORE_XSDB.U_ICON/U_CMD/iTARGET_reg[13]/CLR,
dbg_hub/inst/BSCANID.u_xsdbm_id/CORE_XSDB.U_ICON/U_CMD/iTARGET_reg[14]/CLR,
dbg_hub/inst/BSCANID.u_xsdbm_id/CORE_XSDB.U_ICON/U_CMD/iTARGET_reg[15]/CLR,
dbg_hub/inst/BSCANID.u_xsdbm_id/CORE_XSDB.U_ICON/U_CMD/iTARGET_reg[6]/CLR,
dbg_hub/inst/BSCANID.u_xsdbm_id/CORE_XSDB.U_ICON/U_CMD/iTARGET_reg[7]/CLR,
dbg_hub/inst/BSCANID.u_xsdbm_id/CORE_XSDB.U_ICON/U_CMD/iTARGET_reg[8]/CLR,
dbg_hub/inst/BSCANID.u_xsdbm_id/CORE_XSDB.U_ICON/U_CMD/iTARGET_reg[9]/CLR. The LUT may glitch and trigger an unexpected reset, even if it is a properly timed path.
Related violations: <none>

TIMING-15#1 Warning
Large hold violation on inter-clock path  
There is a large inter-clock skew of -95.806 ns between adc_clk[0] (clocked by adc_clk[0]) and u_ila_0/inst/ila_core_inst/shifted_data_in_reg[7][1603]_srl8/D (clocked by clk_out1_uav_sar_clk_wiz_0_0) that results in large hold timing violation(s) of -1.624 ns. Fixing large hold violations during routing might impact setup slack and result in more difficult timing closure
Related violations: <none>

TIMING-15#2 Warning
Large hold violation on inter-clock path  
There is a large inter-clock skew of 4.083 ns between adc_clk[0] (clocked by adc_clk[0]) and u_ila_0/inst/ila_core_inst/u_trig/U_TM/N_DDR_MODE.G_NMU[63].U_M/allx_typeA_match_detection.ltlib_v1_0_0_allx_typeA_inst/probeDelay1_reg[0]/D (clocked by clk_out1_uav_sar_clk_wiz_0_0) that results in large hold timing violation(s) of -1.456 ns. Fixing large hold violations during routing might impact setup slack and result in more difficult timing closure
Related violations: <none>

TIMING-16#1 Warning
Large setup violation  
There is a large setup violation of -1.021 ns between uav_sar_i/zynq_ultra_pl/uart_uav_data_0/inst/uart_uav_data_v1_0_S00_AXI_inst/u_utc_time/clk_cnt_reg_reg[24]/C (clocked by clk_out1_uav_sar_clk_wiz_0_0) and u_ila_0/inst/ila_core_inst/shifted_data_in_reg[7][1162]_srl8/D (clocked by clk_out1_uav_sar_clk_wiz_0_0). Large setup violations at the end of those stages might be difficult to fix during the post-placement implementation flow and could be the result of non-optimal XDC constraints or non-optimal design architecture
Related violations: <none>

TIMING-16#2 Warning
Large setup violation  
There is a large setup violation of -1.038 ns between uav_sar_i/zynq_ultra_pl/uart_uav_data_0/inst/uart_uav_data_v1_0_S00_AXI_inst/u_utc_time/clk_cnt_reg_reg[24]/C (clocked by clk_out1_uav_sar_clk_wiz_0_0) and uav_sar_i/zynq_ultra_pl/uart_uav_data_0/inst/uart_uav_data_v1_0_S00_AXI_inst/slv_reg1_reg[8]/D (clocked by clk_out1_uav_sar_clk_wiz_0_0). Large setup violations at the end of those stages might be difficult to fix during the post-placement implementation flow and could be the result of non-optimal XDC constraints or non-optimal design architecture
Related violations: <none>

TIMING-16#3 Warning
Large setup violation  
There is a large setup violation of -1.039 ns between uav_sar_i/zynq_ultra_pl/uart_uav_data_0/inst/uart_uav_data_v1_0_S00_AXI_inst/u_utc_time/clk_cnt_reg_reg[24]/C (clocked by clk_out1_uav_sar_clk_wiz_0_0) and u_ila_0/inst/ila_core_inst/u_trig/U_TM/N_DDR_MODE.G_NMU[45].U_M/allx_typeA_match_detection.ltlib_v1_0_0_allx_typeA_inst/probeDelay1_reg[50]/D (clocked by clk_out1_uav_sar_clk_wiz_0_0). Large setup violations at the end of those stages might be difficult to fix during the post-placement implementation flow and could be the result of non-optimal XDC constraints or non-optimal design architecture
Related violations: <none>

TIMING-16#4 Warning
Large setup violation  
There is a large setup violation of -1.040 ns between uav_sar_i/zynq_ultra_pl/uart_uav_data_0/inst/uart_uav_data_v1_0_S00_AXI_inst/u_utc_time/clk_cnt_reg_reg[24]/C (clocked by clk_out1_uav_sar_clk_wiz_0_0) and uav_sar_i/zynq_ultra_pl/uart_uav_data_0/inst/uart_uav_data_v1_0_S00_AXI_inst/slv_reg1_reg[1]/D (clocked by clk_out1_uav_sar_clk_wiz_0_0). Large setup violations at the end of those stages might be difficult to fix during the post-placement implementation flow and could be the result of non-optimal XDC constraints or non-optimal design architecture
Related violations: <none>

TIMING-16#5 Warning
Large setup violation  
There is a large setup violation of -1.047 ns between uav_sar_i/zynq_ultra_pl/uart_uav_data_0/inst/uart_uav_data_v1_0_S00_AXI_inst/u_utc_time/clk_cnt_reg_reg[24]/C (clocked by clk_out1_uav_sar_clk_wiz_0_0) and uav_sar_i/zynq_ultra_pl/uart_uav_data_0/inst/uart_uav_data_v1_0_S00_AXI_inst/slv_reg1_reg[18]/D (clocked by clk_out1_uav_sar_clk_wiz_0_0). Large setup violations at the end of those stages might be difficult to fix during the post-placement implementation flow and could be the result of non-optimal XDC constraints or non-optimal design architecture
Related violations: <none>

TIMING-16#6 Warning
Large setup violation  
There is a large setup violation of -1.063 ns between uav_sar_i/zynq_ultra_pl/uart_uav_data_0/inst/uart_uav_data_v1_0_S00_AXI_inst/u_utc_time/clk_cnt_reg_reg[24]/C (clocked by clk_out1_uav_sar_clk_wiz_0_0) and u_ila_0/inst/ila_core_inst/u_trig/U_TM/N_DDR_MODE.G_NMU[45].U_M/allx_typeA_match_detection.ltlib_v1_0_0_allx_typeA_inst/probeDelay1_reg[35]/D (clocked by clk_out1_uav_sar_clk_wiz_0_0). Large setup violations at the end of those stages might be difficult to fix during the post-placement implementation flow and could be the result of non-optimal XDC constraints or non-optimal design architecture
Related violations: <none>

TIMING-16#7 Warning
Large setup violation  
There is a large setup violation of -1.064 ns between uav_sar_i/zynq_ultra_pl/uart_uav_data_0/inst/uart_uav_data_v1_0_S00_AXI_inst/u_utc_time/clk_cnt_reg_reg[24]/C (clocked by clk_out1_uav_sar_clk_wiz_0_0) and u_ila_0/inst/ila_core_inst/u_trig/U_TM/N_DDR_MODE.G_NMU[45].U_M/allx_typeA_match_detection.ltlib_v1_0_0_allx_typeA_inst/probeDelay1_reg[51]/D (clocked by clk_out1_uav_sar_clk_wiz_0_0). Large setup violations at the end of those stages might be difficult to fix during the post-placement implementation flow and could be the result of non-optimal XDC constraints or non-optimal design architecture
Related violations: <none>

TIMING-16#8 Warning
Large setup violation  
There is a large setup violation of -1.082 ns between uav_sar_i/zynq_ultra_pl/uart_uav_data_0/inst/uart_uav_data_v1_0_S00_AXI_inst/u_utc_time/clk_cnt_reg_reg[24]/C (clocked by clk_out1_uav_sar_clk_wiz_0_0) and uav_sar_i/zynq_ultra_pl/uart_uav_data_0/inst/uart_uav_data_v1_0_S00_AXI_inst/slv_reg1_reg[2]/D (clocked by clk_out1_uav_sar_clk_wiz_0_0). Large setup violations at the end of those stages might be difficult to fix during the post-placement implementation flow and could be the result of non-optimal XDC constraints or non-optimal design architecture
Related violations: <none>

TIMING-16#9 Warning
Large setup violation  
There is a large setup violation of -1.084 ns between uav_sar_i/zynq_ultra_pl/uart_uav_data_0/inst/uart_uav_data_v1_0_S00_AXI_inst/u_utc_time/clk_cnt_reg_reg[24]/C (clocked by clk_out1_uav_sar_clk_wiz_0_0) and u_ila_0/inst/ila_core_inst/shifted_data_in_reg[7][1146]_srl8/D (clocked by clk_out1_uav_sar_clk_wiz_0_0). Large setup violations at the end of those stages might be difficult to fix during the post-placement implementation flow and could be the result of non-optimal XDC constraints or non-optimal design architecture
Related violations: <none>

TIMING-16#10 Warning
Large setup violation  
There is a large setup violation of -1.091 ns between uav_sar_i/zynq_ultra_pl/uart_uav_data_0/inst/uart_uav_data_v1_0_S00_AXI_inst/u_utc_time/clk_cnt_reg_reg[24]/C (clocked by clk_out1_uav_sar_clk_wiz_0_0) and u_ila_0/inst/ila_core_inst/shifted_data_in_reg[7][1169]_srl8/D (clocked by clk_out1_uav_sar_clk_wiz_0_0). Large setup violations at the end of those stages might be difficult to fix during the post-placement implementation flow and could be the result of non-optimal XDC constraints or non-optimal design architecture
Related violations: <none>

TIMING-16#11 Warning
Large setup violation  
There is a large setup violation of -1.093 ns between uav_sar_i/zynq_ultra_pl/uart_uav_data_0/inst/uart_uav_data_v1_0_S00_AXI_inst/u_utc_time/clk_cnt_reg_reg[24]/C (clocked by clk_out1_uav_sar_clk_wiz_0_0) and u_ila_0/inst/ila_core_inst/u_trig/U_TM/N_DDR_MODE.G_NMU[45].U_M/allx_typeA_match_detection.ltlib_v1_0_0_allx_typeA_inst/probeDelay1_reg[33]/D (clocked by clk_out1_uav_sar_clk_wiz_0_0). Large setup violations at the end of those stages might be difficult to fix during the post-placement implementation flow and could be the result of non-optimal XDC constraints or non-optimal design architecture
Related violations: <none>

TIMING-16#12 Warning
Large setup violation  
There is a large setup violation of -1.099 ns between uav_sar_i/zynq_ultra_pl/uart_uav_data_0/inst/uart_uav_data_v1_0_S00_AXI_inst/u_utc_time/clk_cnt_reg_reg[24]/C (clocked by clk_out1_uav_sar_clk_wiz_0_0) and u_ila_0/inst/ila_core_inst/u_trig/U_TM/N_DDR_MODE.G_NMU[45].U_M/allx_typeA_match_detection.ltlib_v1_0_0_allx_typeA_inst/probeDelay1_reg[49]/D (clocked by clk_out1_uav_sar_clk_wiz_0_0). Large setup violations at the end of those stages might be difficult to fix during the post-placement implementation flow and could be the result of non-optimal XDC constraints or non-optimal design architecture
Related violations: <none>

TIMING-16#13 Warning
Large setup violation  
There is a large setup violation of -1.103 ns between uav_sar_i/zynq_ultra_pl/uart_uav_data_0/inst/uart_uav_data_v1_0_S00_AXI_inst/u_utc_time/clk_cnt_reg_reg[24]/C (clocked by clk_out1_uav_sar_clk_wiz_0_0) and u_ila_0/inst/ila_core_inst/u_trig/U_TM/N_DDR_MODE.G_NMU[45].U_M/allx_typeA_match_detection.ltlib_v1_0_0_allx_typeA_inst/probeDelay1_reg[56]/D (clocked by clk_out1_uav_sar_clk_wiz_0_0). Large setup violations at the end of those stages might be difficult to fix during the post-placement implementation flow and could be the result of non-optimal XDC constraints or non-optimal design architecture
Related violations: <none>

TIMING-16#14 Warning
Large setup violation  
There is a large setup violation of -1.104 ns between uav_sar_i/zynq_ultra_pl/uart_uav_data_0/inst/uart_uav_data_v1_0_S00_AXI_inst/u_utc_time/clk_cnt_reg_reg[24]/C (clocked by clk_out1_uav_sar_clk_wiz_0_0) and uav_sar_i/zynq_ultra_pl/uart_uav_data_0/inst/uart_uav_data_v1_0_S00_AXI_inst/slv_reg1_reg[17]/D (clocked by clk_out1_uav_sar_clk_wiz_0_0). Large setup violations at the end of those stages might be difficult to fix during the post-placement implementation flow and could be the result of non-optimal XDC constraints or non-optimal design architecture
Related violations: <none>

TIMING-16#15 Warning
Large setup violation  
There is a large setup violation of -1.105 ns between uav_sar_i/zynq_ultra_pl/uart_uav_data_0/inst/uart_uav_data_v1_0_S00_AXI_inst/u_utc_time/clk_cnt_reg_reg[24]/C (clocked by clk_out1_uav_sar_clk_wiz_0_0) and u_ila_0/inst/ila_core_inst/u_trig/U_TM/N_DDR_MODE.G_NMU[45].U_M/allx_typeA_match_detection.ltlib_v1_0_0_allx_typeA_inst/probeDelay1_reg[40]/D (clocked by clk_out1_uav_sar_clk_wiz_0_0). Large setup violations at the end of those stages might be difficult to fix during the post-placement implementation flow and could be the result of non-optimal XDC constraints or non-optimal design architecture
Related violations: <none>

TIMING-16#16 Warning
Large setup violation  
There is a large setup violation of -1.106 ns between uav_sar_i/zynq_ultra_pl/uart_uav_data_0/inst/uart_uav_data_v1_0_S00_AXI_inst/u_utc_time/clk_cnt_reg_reg[24]/C (clocked by clk_out1_uav_sar_clk_wiz_0_0) and uav_sar_i/zynq_ultra_pl/uart_uav_data_0/inst/uart_uav_data_v1_0_S00_AXI_inst/slv_reg1_reg[3]/D (clocked by clk_out1_uav_sar_clk_wiz_0_0). Large setup violations at the end of those stages might be difficult to fix during the post-placement implementation flow and could be the result of non-optimal XDC constraints or non-optimal design architecture
Related violations: <none>

TIMING-18#1 Warning
Missing input or output delay  
An input delay is missing on adc_data[0] relative to clock(s) adc_clk[0]
Related violations: <none>

TIMING-18#2 Warning
Missing input or output delay  
An input delay is missing on adc_data[10] relative to clock(s) adc_clk[0]
Related violations: <none>

TIMING-18#3 Warning
Missing input or output delay  
An input delay is missing on adc_data[11] relative to clock(s) adc_clk[0]
Related violations: <none>

TIMING-18#4 Warning
Missing input or output delay  
An input delay is missing on adc_data[12] relative to clock(s) adc_clk[0]
Related violations: <none>

TIMING-18#5 Warning
Missing input or output delay  
An input delay is missing on adc_data[13] relative to clock(s) adc_clk[0]
Related violations: <none>

TIMING-18#6 Warning
Missing input or output delay  
An input delay is missing on adc_data[14] relative to clock(s) adc_clk[0]
Related violations: <none>

TIMING-18#7 Warning
Missing input or output delay  
An input delay is missing on adc_data[15] relative to clock(s) adc_clk[0]
Related violations: <none>

TIMING-18#8 Warning
Missing input or output delay  
An input delay is missing on adc_data[1] relative to clock(s) adc_clk[0]
Related violations: <none>

TIMING-18#9 Warning
Missing input or output delay  
An input delay is missing on adc_data[2] relative to clock(s) adc_clk[0]
Related violations: <none>

TIMING-18#10 Warning
Missing input or output delay  
An input delay is missing on adc_data[3] relative to clock(s) adc_clk[0]
Related violations: <none>

TIMING-18#11 Warning
Missing input or output delay  
An input delay is missing on adc_data[4] relative to clock(s) adc_clk[0]
Related violations: <none>

TIMING-18#12 Warning
Missing input or output delay  
An input delay is missing on adc_data[5] relative to clock(s) adc_clk[0]
Related violations: <none>

TIMING-18#13 Warning
Missing input or output delay  
An input delay is missing on adc_data[6] relative to clock(s) adc_clk[0]
Related violations: <none>

TIMING-18#14 Warning
Missing input or output delay  
An input delay is missing on adc_data[7] relative to clock(s) adc_clk[0]
Related violations: <none>

TIMING-18#15 Warning
Missing input or output delay  
An input delay is missing on adc_data[8] relative to clock(s) adc_clk[0]
Related violations: <none>

TIMING-18#16 Warning
Missing input or output delay  
An input delay is missing on adc_data[9] relative to clock(s) adc_clk[0]
Related violations: <none>

TIMING-18#17 Warning
Missing input or output delay  
An input delay is missing on trig_sel relative to clock(s) adc_clk[0]
Related violations: <none>

TIMING-18#18 Warning
Missing input or output delay  
An output delay is missing on led relative to clock(s) adc_clk[0]
Related violations: <none>

CLKC-58#1 Advisory
PLLE4 with global clock driver has no LOC  
The PLLE4_ADV cell uav_sar_i/zynq_ultra_pl/clk_wiz/inst/plle4_adv_inst CLKIN pin is driven by global Clock buffer uav_sar_i/zynq_ultra_ps/inst/buffer_pl_clk_0.PL_CLK_0_BUFG and does not have a LOC constraint. It is recommended to LOC the PLL and use the CLOCK_DEDICATED_ROUTE constraint on the net driven by the global Clock buffer.
Related violations: <none>


