Copyright 1986-2020 Xilinx, Inc. All Rights Reserved.
---------------------------------------------------------------------------------------------------------------------------
| Tool Version : Vivado v.2020.1 (win64) Build 2902540 Wed May 27 19:54:49 MDT 2020
| Date         : Tue Dec 30 11:24:32 2025
| Host         : WIN-DQCLN0PBKKI running 64-bit major release  (build 9200)
| Command      : report_utilization -file uav_sar_wrapper_utilization_placed.rpt -pb uav_sar_wrapper_utilization_placed.pb
| Design       : uav_sar_wrapper
| Device       : xczu2cgsfvc784-1
| Design State : Fully Placed
---------------------------------------------------------------------------------------------------------------------------

Utilization Design Information

Table of Contents
-----------------
1. CLB Logic
1.1 Summary of Registers by Type
2. CLB Logic Distribution
3. BLOCKRAM
4. ARITHMETIC
5. I/O
6. CLOCK
7. ADVANCED
8. CONFIGURATION
9. Primitives
10. Black Boxes
11. Instantiated Netlists

1. CLB Logic
------------

+----------------------------+-------+-------+-----------+-------+
|          Site Type         |  Used | Fixed | Available | Util% |
+----------------------------+-------+-------+-----------+-------+
| CLB LUTs                   | 18436 |     0 |     47232 | 39.03 |
|   LUT as Logic             | 15903 |     0 |     47232 | 33.67 |
|   LUT as Memory            |  2533 |     0 |     28800 |  8.80 |
|     LUT as Distributed RAM |    48 |     0 |           |       |
|     LUT as Shift Register  |  2485 |     0 |           |       |
| CLB Registers              | 22161 |     0 |     94464 | 23.46 |
|   Register as Flip Flop    | 22161 |     0 |     94464 | 23.46 |
|   Register as Latch        |     0 |     0 |     94464 |  0.00 |
| CARRY8                     |   793 |     0 |      8820 |  8.99 |
| F7 Muxes                   |   496 |     0 |     35280 |  1.41 |
| F8 Muxes                   |   213 |     0 |     17640 |  1.21 |
| F9 Muxes                   |     0 |     0 |      8820 |  0.00 |
+----------------------------+-------+-------+-----------+-------+


1.1 Summary of Registers by Type
--------------------------------

+-------+--------------+-------------+--------------+
| Total | Clock Enable | Synchronous | Asynchronous |
+-------+--------------+-------------+--------------+
| 0     |            _ |           - |            - |
| 0     |            _ |           - |          Set |
| 0     |            _ |           - |        Reset |
| 0     |            _ |         Set |            - |
| 0     |            _ |       Reset |            - |
| 0     |          Yes |           - |            - |
| 43    |          Yes |           - |          Set |
| 1469  |          Yes |           - |        Reset |
| 211   |          Yes |         Set |            - |
| 20438 |          Yes |       Reset |            - |
+-------+--------------+-------------+--------------+


2. CLB Logic Distribution
-------------------------

+--------------------------------------------+-------+-------+-----------+-------+
|                  Site Type                 |  Used | Fixed | Available | Util% |
+--------------------------------------------+-------+-------+-----------+-------+
| CLB                                        |  3984 |     0 |      8820 | 45.17 |
|   CLBL                                     |  2439 |     0 |           |       |
|   CLBM                                     |  1545 |     0 |           |       |
| LUT as Logic                               | 15903 |     0 |     47232 | 33.67 |
|   using O5 output only                     |   377 |       |           |       |
|   using O6 output only                     | 12126 |       |           |       |
|   using O5 and O6                          |  3400 |       |           |       |
| LUT as Memory                              |  2533 |     0 |     28800 |  8.80 |
|   LUT as Distributed RAM                   |    48 |     0 |           |       |
|     using O5 output only                   |     0 |       |           |       |
|     using O6 output only                   |     0 |       |           |       |
|     using O5 and O6                        |    48 |       |           |       |
|   LUT as Shift Register                    |  2485 |     0 |           |       |
|     using O5 output only                   |     0 |       |           |       |
|     using O6 output only                   |   370 |       |           |       |
|     using O5 and O6                        |  2115 |       |           |       |
| CLB Registers                              | 22161 |     0 |     94464 | 23.46 |
|   Register driven from within the CLB      | 11907 |       |           |       |
|   Register driven from outside the CLB     | 10254 |       |           |       |
|     LUT in front of the register is unused |  7674 |       |           |       |
|     LUT in front of the register is used   |  2580 |       |           |       |
| Unique Control Sets                        |   726 |       |     17640 |  4.12 |
+--------------------------------------------+-------+-------+-----------+-------+
* * Note: Available Control Sets calculated as Slices * 2, Review the Control Sets Report for more information regarding control sets.


3. BLOCKRAM
-----------

+-------------------+------+-------+-----------+-------+
|     Site Type     | Used | Fixed | Available | Util% |
+-------------------+------+-------+-----------+-------+
| Block RAM Tile    |  119 |     0 |       150 | 79.33 |
|   RAMB36/FIFO*    |  116 |     0 |       150 | 77.33 |
|     FIFO36E2 only |    8 |       |           |       |
|     RAMB36E2 only |  108 |       |           |       |
|   RAMB18          |    6 |     0 |       300 |  2.00 |
|     RAMB18E2 only |    6 |       |           |       |
+-------------------+------+-------+-----------+-------+
* Note: Each Block RAM Tile only has one FIFO logic available and therefore can accommodate only one FIFO36E2 or one FIFO18E2. However, if a FIFO18E2 occupies a Block RAM Tile, that tile can still accommodate a RAMB18E2


4. ARITHMETIC
-------------

+-----------+------+-------+-----------+-------+
| Site Type | Used | Fixed | Available | Util% |
+-----------+------+-------+-----------+-------+
| DSPs      |    0 |     0 |       240 |  0.00 |
+-----------+------+-------+-----------+-------+


5. I/O
------

+------------------+------+-------+-----------+-------+
|     Site Type    | Used | Fixed | Available | Util% |
+------------------+------+-------+-----------+-------+
| Bonded IOB       |   47 |    47 |       252 | 18.65 |
| HPIOB_M          |   12 |    12 |        72 | 16.67 |
|   INPUT          |    9 |       |           |       |
|   OUTPUT         |    0 |       |           |       |
|   BIDIR          |    3 |       |           |       |
| HPIOB_S          |   14 |    14 |        72 | 19.44 |
|   INPUT          |    8 |       |           |       |
|   OUTPUT         |    0 |       |           |       |
|   BIDIR          |    6 |       |           |       |
| HDIOB_M          |   12 |    12 |        48 | 25.00 |
|   INPUT          |    1 |       |           |       |
|   OUTPUT         |    2 |       |           |       |
|   BIDIR          |    9 |       |           |       |
| HDIOB_S          |    9 |     9 |        48 | 18.75 |
|   INPUT          |    1 |       |           |       |
|   OUTPUT         |    0 |       |           |       |
|   BIDIR          |    8 |       |           |       |
| HPIOB_SNGL       |    0 |     0 |        12 |  0.00 |
| HPIOBDIFFINBUF   |    0 |     0 |        72 |  0.00 |
| HPIOBDIFFOUTBUF  |    0 |     0 |        72 |  0.00 |
| HDIOBDIFFINBUF   |    0 |     0 |        48 |  0.00 |
| BITSLICE_CONTROL |    0 |     0 |        24 |  0.00 |
| BITSLICE_RX_TX   |    0 |     0 |       156 |  0.00 |
| BITSLICE_TX      |    0 |     0 |        24 |  0.00 |
| RIU_OR           |    0 |     0 |        12 |  0.00 |
+------------------+------+-------+-----------+-------+


6. CLOCK
--------

+----------------------+------+-------+-----------+-------+
|       Site Type      | Used | Fixed | Available | Util% |
+----------------------+------+-------+-----------+-------+
| GLOBAL CLOCK BUFFERs |    4 |     0 |       196 |  2.04 |
|   BUFGCE             |    3 |     0 |        88 |  3.41 |
|   BUFGCE_DIV         |    0 |     0 |        12 |  0.00 |
|   BUFG_PS            |    1 |     0 |        72 |  1.39 |
|   BUFGCTRL*          |    0 |     0 |        24 |  0.00 |
| PLL                  |    1 |     0 |         6 | 16.67 |
| MMCM                 |    0 |     0 |         3 |  0.00 |
+----------------------+------+-------+-----------+-------+
* Note: Each used BUFGCTRL counts as two GLOBAL CLOCK BUFFERs. This table does not include global clocking resources, only buffer cell usage. See the Clock Utilization Report (report_clock_utilization) for detailed accounting of global clocking resource availability.


7. ADVANCED
-----------

+-----------+------+-------+-----------+--------+
| Site Type | Used | Fixed | Available |  Util% |
+-----------+------+-------+-----------+--------+
| PS8       |    1 |     0 |         1 | 100.00 |
| SYSMONE4  |    0 |     0 |         1 |   0.00 |
+-----------+------+-------+-----------+--------+


8. CONFIGURATION
----------------

+-------------+------+-------+-----------+-------+
|  Site Type  | Used | Fixed | Available | Util% |
+-------------+------+-------+-----------+-------+
| BSCANE2     |    1 |     0 |         4 | 25.00 |
| DNA_PORTE2  |    0 |     0 |         1 |  0.00 |
| EFUSE_USR   |    0 |     0 |         1 |  0.00 |
| FRAME_ECCE4 |    0 |     0 |         1 |  0.00 |
| ICAPE3      |    0 |     0 |         2 |  0.00 |
| MASTER_JTAG |    0 |     0 |         1 |  0.00 |
| STARTUPE3   |    0 |     0 |         1 |  0.00 |
+-------------+------+-------+-----------+-------+


9. Primitives
-------------

+-----------+-------+---------------------+
|  Ref Name |  Used | Functional Category |
+-----------+-------+---------------------+
| FDRE      | 20438 |            Register |
| LUT6      |  6995 |                 CLB |
| LUT2      |  3810 |                 CLB |
| LUT3      |  3270 |                 CLB |
| LUT4      |  3184 |                 CLB |
| SRL16E    |  3165 |                 CLB |
| FDCE      |  1469 |            Register |
| SRLC32E   |  1431 |                 CLB |
| LUT5      |  1424 |                 CLB |
| CARRY8    |   793 |                 CLB |
| LUT1      |   620 |                 CLB |
| MUXF7     |   496 |                 CLB |
| MUXF8     |   213 |                 CLB |
| FDSE      |   211 |            Register |
| RAMB36E2  |   108 |           Block Ram |
| RAMD32    |    84 |                 CLB |
| INBUF     |    45 |                 I/O |
| IBUFCTRL  |    45 |              Others |
| FDPE      |    43 |            Register |
| OBUFT     |    26 |                 I/O |
| RAMS32    |    12 |                 CLB |
| FIFO36E2  |     8 |           Block Ram |
| RAMB18E2  |     6 |           Block Ram |
| SRLC16E   |     4 |                 CLB |
| BUFGCE    |     3 |               Clock |
| OBUF      |     2 |                 I/O |
| PS8       |     1 |            Advanced |
| PLLE4_ADV |     1 |               Clock |
| BUFG_PS   |     1 |               Clock |
| BSCANE2   |     1 |       Configuration |
+-----------+-------+---------------------+


10. Black Boxes
---------------

+----------+------+
| Ref Name | Used |
+----------+------+


11. Instantiated Netlists
-------------------------

+----------+------+
| Ref Name | Used |
+----------+------+
| uav_sar  |    1 |
| u_ila_0  |    1 |
| dbg_hub  |    1 |
+----------+------+


