# do {uart_tb_compile.do}
# ** Warning: (vlib-34) Library already exists at "questa_lib/work".
# ** Warning: (vlib-34) Library already exists at "questa_lib/msim".
# ** Warning: (vlib-34) Library already exists at "questa_lib/msim/xil_defaultlib".
# QuestaSim-64 vmap 2020.1 Lib Mapping Utility 2020.01 Jan 28 2020
# vmap xilinx_vip questa_lib/msim/xilinx_vip 
# Modifying modelsim.ini
# QuestaSim-64 vmap 2020.1 Lib Mapping Utility 2020.01 Jan 28 2020
# vmap xpm questa_lib/msim/xpm 
# Modifying modelsim.ini
# QuestaSim-64 vmap 2020.1 Lib Mapping Utility 2020.01 Jan 28 2020
# vmap xil_defaultlib questa_lib/msim/xil_defaultlib 
# Modifying modelsim.ini
# QuestaSim-64 vlog 2020.1 Compiler 2020.01 Jan 28 2020
# Start time: 21:55:57 on Nov 24,2024
# vlog -incr -sv -L axi_vip_v1_1_7 -L zynq_ultra_ps_e_vip_v1_0_7 -L xilinx_vip -work xilinx_vip "+incdir+E:/Vitis2020/Vivado/2020.1/data/xilinx_vip/include" E:/Vitis2020/Vivado/2020.1/data/xilinx_vip/hdl/axi4stream_vip_axi4streampc.sv E:/Vitis2020/Vivado/2020.1/data/xilinx_vip/hdl/axi_vip_axi4pc.sv E:/Vitis2020/Vivado/2020.1/data/xilinx_vip/hdl/xil_common_vip_pkg.sv E:/Vitis2020/Vivado/2020.1/data/xilinx_vip/hdl/axi4stream_vip_pkg.sv E:/Vitis2020/Vivado/2020.1/data/xilinx_vip/hdl/axi_vip_pkg.sv E:/Vitis2020/Vivado/2020.1/data/xilinx_vip/hdl/axi4stream_vip_if.sv E:/Vitis2020/Vivado/2020.1/data/xilinx_vip/hdl/axi_vip_if.sv E:/Vitis2020/Vivado/2020.1/data/xilinx_vip/hdl/clk_vip_if.sv E:/Vitis2020/Vivado/2020.1/data/xilinx_vip/hdl/rst_vip_if.sv 
# -- Compiling interface axi4stream_vip_axi4streampc
# -- Compiling interface axi_vip_axi4pc
# -- Compiling package xil_common_vip_pkg
# -- Compiling package axi4stream_vip_pkg
# -- Compiling package axi_vip_pkg
# -- Compiling package axi4stream_vip_if_sv_unit
# -- Compiling interface axi4stream_vip_if
# -- Compiling package axi_vip_if_sv_unit
# -- Compiling interface axi_vip_if
# -- Compiling interface clk_vip_if
# -- Compiling interface rst_vip_if
# 
# Top level modules:
# 	--none--
# End time: 21:55:57 on Nov 24,2024, Elapsed time: 0:00:00
# Errors: 0, Warnings: 0
# QuestaSim-64 vlog 2020.1 Compiler 2020.01 Jan 28 2020
# Start time: 21:55:57 on Nov 24,2024
# vlog -incr -sv -L axi_vip_v1_1_7 -L zynq_ultra_ps_e_vip_v1_0_7 -L xilinx_vip -work xpm "+incdir+../../../../uav_sar.srcs/sources_1/bd/uav_sar/ipshared/ec67/hdl" "+incdir+../../../../uav_sar.srcs/sources_1/bd/uav_sar/ipshared/e257/hdl" "+incdir+../../../../uav_sar.srcs/sources_1/bd/uav_sar/ipshared/8713/hdl" "+incdir+../../../../uav_sar.srcs/sources_1/bd/uav_sar/ipshared/8b3d" "+incdir+E:/Vitis2020/Vivado/2020.1/data/xilinx_vip/include" E:/Vitis2020/Vivado/2020.1/data/ip/xpm/xpm_cdc/hdl/xpm_cdc.sv E:/Vitis2020/Vivado/2020.1/data/ip/xpm/xpm_fifo/hdl/xpm_fifo.sv E:/Vitis2020/Vivado/2020.1/data/ip/xpm/xpm_memory/hdl/xpm_memory.sv 
# -- Compiling module xpm_cdc_single
# -- Compiling module xpm_cdc_gray
# -- Compiling module xpm_cdc_handshake
# -- Compiling module xpm_cdc_pulse
# -- Compiling module xpm_cdc_array_single
# -- Compiling module xpm_cdc_sync_rst
# -- Compiling module xpm_cdc_async_rst
# -- Compiling module xpm_cdc_low_latency_handshake
# -- Compiling module xpm_fifo_base
# -- Compiling module xpm_fifo_rst
# -- Compiling module xpm_counter_updn
# -- Compiling module xpm_fifo_reg_vec
# -- Compiling module xpm_fifo_reg_bit
# -- Compiling module xpm_reg_pipe_bit
# -- Compiling module xpm_fifo_sync
# -- Compiling module xpm_fifo_async
# -- Compiling module xpm_fifo_axis
# -- Compiling module xpm_fifo_axif
# -- Compiling module xpm_fifo_axil
# -- Compiling module xpm_fifo_axi_reg_slice
# -- Compiling module xpm_memory_base
# -- Compiling module asym_bwe_bb
# -- Compiling module xpm_memory_dpdistram
# -- Compiling module xpm_memory_dprom
# -- Compiling module xpm_memory_sdpram
# -- Compiling module xpm_memory_spram
# -- Compiling module xpm_memory_sprom
# -- Compiling module xpm_memory_tdpram
# 
# Top level modules:
# 	xpm_cdc_handshake
# 	xpm_cdc_pulse
# 	xpm_cdc_array_single
# 	xpm_cdc_async_rst
# 	xpm_cdc_low_latency_handshake
# 	xpm_fifo_sync
# 	xpm_fifo_async
# 	xpm_fifo_axis
# 	xpm_fifo_axif
# 	xpm_fifo_axil
# 	xpm_memory_dpdistram
# 	xpm_memory_dprom
# 	xpm_memory_sdpram
# 	xpm_memory_spram
# 	xpm_memory_sprom
# 	xpm_memory_tdpram
# End time: 21:55:57 on Nov 24,2024, Elapsed time: 0:00:00
# Errors: 0, Warnings: 0
# QuestaSim-64 vcom 2020.1 Compiler 2020.01 Jan 28 2020
# Start time: 21:55:58 on Nov 24,2024
# vcom -93 -work xpm E:/Vitis2020/Vivado/2020.1/data/ip/xpm/xpm_VCOMP.vhd 
# -- Loading package STANDARD
# -- Loading package TEXTIO
# -- Loading package std_logic_1164
# -- Compiling package VCOMPONENTS
# End time: 21:55:58 on Nov 24,2024, Elapsed time: 0:00:00
# Errors: 0, Warnings: 0
# QuestaSim-64 vlog 2020.1 Compiler 2020.01 Jan 28 2020
# Start time: 21:55:58 on Nov 24,2024
# vlog -incr -work xil_defaultlib "+incdir+../../../../uav_sar.srcs/sources_1/bd/uav_sar/ipshared/ec67/hdl" "+incdir+../../../../uav_sar.srcs/sources_1/bd/uav_sar/ipshared/e257/hdl" "+incdir+../../../../uav_sar.srcs/sources_1/bd/uav_sar/ipshared/8713/hdl" "+incdir+../../../../uav_sar.srcs/sources_1/bd/uav_sar/ipshared/8b3d" "+incdir+E:/Vitis2020/Vivado/2020.1/data/xilinx_vip/include" ../../../../uav_sar.srcs/sources_1/new/pl_uart.v ../../../../uav_sar.srcs/sources_1/new/uart_rx.v ../../../../uav_sar.srcs/sources_1/new/uart_tx.v ../../../../uav_sar.srcs/sim_1/new/uart_tb.v 
# -- Compiling module pl_uart
# -- Compiling module uart_rx
# -- Compiling module uart_tx
# -- Compiling module uart_tb
# 
# Top level modules:
# 	uart_tb
# End time: 21:55:58 on Nov 24,2024, Elapsed time: 0:00:00
# Errors: 0, Warnings: 0
# QuestaSim-64 vlog 2020.1 Compiler 2020.01 Jan 28 2020
# Start time: 21:55:58 on Nov 24,2024
# vlog -work xil_defaultlib glbl.v 
# -- Compiling module glbl
# 
# Top level modules:
# 	glbl
# End time: 21:55:58 on Nov 24,2024, Elapsed time: 0:00:00
# Errors: 0, Warnings: 0
