# do {utc_time_tb_compile.do}
# ** Warning: (vlib-34) Library already exists at "modelsim_lib/work".
# ** Warning: (vlib-34) Library already exists at "modelsim_lib/msim".
# ** Warning: (vlib-34) Library already exists at "modelsim_lib/msim/xilinx_vip".
# ** Warning: (vlib-34) Library already exists at "modelsim_lib/msim/xpm".
# ** Warning: (vlib-34) Library already exists at "modelsim_lib/msim/xil_defaultlib".
# QuestaSim-64 vmap 2020.1 Lib Mapping Utility 2020.01 Jan 28 2020
# vmap xilinx_vip modelsim_lib/msim/xilinx_vip 
# Modifying D:/QuestaSim2020.1/win64/../modelsim.ini
# QuestaSim-64 vmap 2020.1 Lib Mapping Utility 2020.01 Jan 28 2020
# vmap xpm modelsim_lib/msim/xpm 
# Modifying D:/QuestaSim2020.1/win64/../modelsim.ini
# QuestaSim-64 vmap 2020.1 Lib Mapping Utility 2020.01 Jan 28 2020
# vmap xil_defaultlib modelsim_lib/msim/xil_defaultlib 
# Modifying D:/QuestaSim2020.1/win64/../modelsim.ini
# QuestaSim-64 vlog 2020.1 Compiler 2020.01 Jan 28 2020
# Start time: 21:01:41 on Nov 26,2024
# vlog -incr -sv -L axi_vip_v1_1_7 -L zynq_ultra_ps_e_vip_v1_0_7 -L xilinx_vip -work xilinx_vip "+incdir+E:/Vitis2020/Vivado/2020.1/data/xilinx_vip/include" E:/Vitis2020/Vivado/2020.1/data/xilinx_vip/hdl/axi4stream_vip_axi4streampc.sv E:/Vitis2020/Vivado/2020.1/data/xilinx_vip/hdl/axi_vip_axi4pc.sv E:/Vitis2020/Vivado/2020.1/data/xilinx_vip/hdl/xil_common_vip_pkg.sv E:/Vitis2020/Vivado/2020.1/data/xilinx_vip/hdl/axi4stream_vip_pkg.sv E:/Vitis2020/Vivado/2020.1/data/xilinx_vip/hdl/axi_vip_pkg.sv E:/Vitis2020/Vivado/2020.1/data/xilinx_vip/hdl/axi4stream_vip_if.sv E:/Vitis2020/Vivado/2020.1/data/xilinx_vip/hdl/axi_vip_if.sv E:/Vitis2020/Vivado/2020.1/data/xilinx_vip/hdl/clk_vip_if.sv E:/Vitis2020/Vivado/2020.1/data/xilinx_vip/hdl/rst_vip_if.sv 
# -- Skipping interface axi4stream_vip_axi4streampc
# -- Skipping interface axi_vip_axi4pc
# -- Skipping package xil_common_vip_pkg
# -- Skipping package axi4stream_vip_pkg
# -- Skipping package axi_vip_pkg
# -- Skipping interface axi4stream_vip_if
# -- Skipping package axi4stream_vip_if_sv_unit
# -- Skipping interface axi_vip_if
# -- Skipping package axi_vip_if_sv_unit
# -- Skipping interface clk_vip_if
# -- Skipping interface rst_vip_if
# 
# Top level modules:
# 	--none--
# End time: 21:01:41 on Nov 26,2024, Elapsed time: 0:00:00
# Errors: 0, Warnings: 0
# QuestaSim-64 vlog 2020.1 Compiler 2020.01 Jan 28 2020
# Start time: 21:01:41 on Nov 26,2024
# vlog -incr -sv -L axi_vip_v1_1_7 -L zynq_ultra_ps_e_vip_v1_0_7 -L xilinx_vip -work xpm "+incdir+../../../../uav_sar.srcs/sources_1/bd/uav_sar/ipshared/ec67/hdl" "+incdir+../../../../uav_sar.srcs/sources_1/bd/uav_sar/ipshared/e257/hdl" "+incdir+../../../../uav_sar.srcs/sources_1/bd/uav_sar/ipshared/8713/hdl" "+incdir+../../../../uav_sar.srcs/sources_1/bd/uav_sar/ipshared/8b3d" "+incdir+E:/Vitis2020/Vivado/2020.1/data/xilinx_vip/include" E:/Vitis2020/Vivado/2020.1/data/ip/xpm/xpm_cdc/hdl/xpm_cdc.sv E:/Vitis2020/Vivado/2020.1/data/ip/xpm/xpm_fifo/hdl/xpm_fifo.sv E:/Vitis2020/Vivado/2020.1/data/ip/xpm/xpm_memory/hdl/xpm_memory.sv 
# -- Skipping module xpm_cdc_single
# -- Skipping module xpm_cdc_gray
# -- Skipping module xpm_cdc_handshake
# -- Skipping module xpm_cdc_pulse
# -- Skipping module xpm_cdc_array_single
# -- Skipping module xpm_cdc_sync_rst
# -- Skipping module xpm_cdc_async_rst
# -- Skipping module xpm_cdc_low_latency_handshake
# -- Skipping module xpm_fifo_base
# -- Skipping module xpm_fifo_rst
# -- Skipping module xpm_counter_updn
# -- Skipping module xpm_fifo_reg_vec
# -- Skipping module xpm_fifo_reg_bit
# -- Skipping module xpm_reg_pipe_bit
# -- Skipping module xpm_fifo_sync
# -- Skipping module xpm_fifo_async
# -- Skipping module xpm_fifo_axis
# -- Skipping module xpm_fifo_axif
# -- Skipping module xpm_fifo_axil
# -- Skipping module xpm_fifo_axi_reg_slice
# -- Skipping module xpm_memory_base
# -- Skipping module asym_bwe_bb
# -- Skipping module xpm_memory_dpdistram
# -- Skipping module xpm_memory_dprom
# -- Skipping module xpm_memory_sdpram
# -- Skipping module xpm_memory_spram
# -- Skipping module xpm_memory_sprom
# -- Skipping module xpm_memory_tdpram
# 
# Top level modules:
# 	xpm_cdc_handshake
# 	xpm_cdc_pulse
# 	xpm_cdc_array_single
# 	xpm_cdc_async_rst
# 	xpm_cdc_low_latency_handshake
# 	xpm_fifo_sync
# 	xpm_fifo_async
# 	xpm_fifo_axis
# 	xpm_fifo_axif
# 	xpm_fifo_axil
# 	xpm_memory_dpdistram
# 	xpm_memory_dprom
# 	xpm_memory_sdpram
# 	xpm_memory_spram
# 	xpm_memory_sprom
# 	xpm_memory_tdpram
# End time: 21:01:41 on Nov 26,2024, Elapsed time: 0:00:00
# Errors: 0, Warnings: 0
# QuestaSim-64 vcom 2020.1 Compiler 2020.01 Jan 28 2020
# Start time: 21:01:43 on Nov 26,2024
# vcom -93 -work xpm E:/Vitis2020/Vivado/2020.1/data/ip/xpm/xpm_VCOMP.vhd 
# -- Loading package STANDARD
# -- Loading package TEXTIO
# -- Loading package std_logic_1164
# -- Compiling package VCOMPONENTS
# End time: 21:01:43 on Nov 26,2024, Elapsed time: 0:00:00
# Errors: 0, Warnings: 0
# QuestaSim-64 vlog 2020.1 Compiler 2020.01 Jan 28 2020
# Start time: 21:01:43 on Nov 26,2024
# vlog -incr -work xil_defaultlib "+incdir+../../../../uav_sar.srcs/sources_1/bd/uav_sar/ipshared/ec67/hdl" "+incdir+../../../../uav_sar.srcs/sources_1/bd/uav_sar/ipshared/e257/hdl" "+incdir+../../../../uav_sar.srcs/sources_1/bd/uav_sar/ipshared/8713/hdl" "+incdir+../../../../uav_sar.srcs/sources_1/bd/uav_sar/ipshared/8b3d" "+incdir+E:/Vitis2020/Vivado/2020.1/data/xilinx_vip/include" ../../../../uav_sar.srcs/sources_1/new/utc_time.v ../../../../uav_sar.srcs/sim_1/new/utc_time_tb.v 
# -- Skipping module utc_time
# -- Compiling module utc_time_tb
# 
# Top level modules:
# 	utc_time_tb
# End time: 21:01:43 on Nov 26,2024, Elapsed time: 0:00:00
# Errors: 0, Warnings: 0
# QuestaSim-64 vlog 2020.1 Compiler 2020.01 Jan 28 2020
# Start time: 21:01:43 on Nov 26,2024
# vlog -work xil_defaultlib glbl.v 
# -- Compiling module glbl
# 
# Top level modules:
# 	glbl
# End time: 21:01:43 on Nov 26,2024, Elapsed time: 0:00:00
# Errors: 0, Warnings: 0
