# //  Questa Sim-64
# //  Version 2020.1 win64 Jan 28 2020
# //
# //  Copyright 1991-2020 Mentor Graphics Corporation
# //  All Rights Reserved.
# //
# //  QuestaSim and its associated documentation contain trade
# //  secrets and commercial or financial information that are the property of
# //  Mentor Graphics Corporation and are privileged, confidential,
# //  and exempt from disclosure under the Freedom of Information Act,
# //  5 U.S.C. Section 552. Furthermore, this information
# //  is prohibited from disclosure under the Trade Secrets Act,
# //  18 U.S.C. Section 1905.
# //
# do {utc_time_tb_simulate.do}
# vsim -voptargs=""+acc"" -L xilinx_vip -L xpm -L xil_defaultlib -L xilinx_vip -L unisims_ver -L unimacro_ver -L secureip -lib xil_defaultlib xil_defaultlib.utc_time_tb xil_defaultlib.glbl 
# Start time: 21:01:49 on Nov 26,2024
# ** Note: (vsim-3813) Design is being optimized due to module recompilation...
# Loading work.utc_time_tb(fast)
# Loading work.utc_time(fast)
# Loading work.glbl(fast)
# 1
# 1
# .main_pane.wave.interior.cs.body.pw.wf
# .main_pane.structure.interior.cs.body.struct
# .main_pane.objects.interior.cs.body.tree
add wave -position insertpoint  \
sim:/utc_time_tb/uut/S_IDLE \
sim:/utc_time_tb/uut/S_GGA \
sim:/utc_time_tb/uut/S_UTC \
sim:/utc_time_tb/uut/clk \
sim:/utc_time_tb/uut/rst_n \
sim:/utc_time_tb/uut/uart_rx_data \
sim:/utc_time_tb/uut/uart_rx_done \
sim:/utc_time_tb/uut/utc_time \
sim:/utc_time_tb/uut/utc_done \
sim:/utc_time_tb/uut/state \
sim:/utc_time_tb/uut/next_state \
sim:/utc_time_tb/uut/char_buffer \
sim:/utc_time_tb/uut/time_buffer \
sim:/utc_time_tb/uut/time_cnt
run
view -new wave
# .main_pane.wave.interior.cs.body.pw.wf
add wave -position insertpoint  \
sim:/utc_time_tb/uut/S_IDLE \
sim:/utc_time_tb/uut/S_GGA \
sim:/utc_time_tb/uut/S_UTC \
sim:/utc_time_tb/uut/clk \
sim:/utc_time_tb/uut/rst_n \
sim:/utc_time_tb/uut/uart_rx_data \
sim:/utc_time_tb/uut/uart_rx_done \
sim:/utc_time_tb/uut/utc_time \
sim:/utc_time_tb/uut/utc_done \
sim:/utc_time_tb/uut/state \
sim:/utc_time_tb/uut/next_state \
sim:/utc_time_tb/uut/char_buffer \
sim:/utc_time_tb/uut/time_buffer \
sim:/utc_time_tb/uut/time_cnt
run
# End time: 23:12:00 on Nov 26,2024, Elapsed time: 2:10:11
# Errors: 0, Warnings: 0
