Vivado Simulator 2020.1
Copyright 1986-1999, 2001-2020 Xilinx, Inc. All Rights Reserved.
Running: E:/Xilinx_vitis2020/Vivado/2020.1/bin/unwrapped/win64.o/xelab.exe -wto 2e9dfd1e836b40dfa91cedacb802b797 --incr --debug typical --relax --mt 2 -L fifo_generator_v13_2_5 -L xil_defaultlib -L xilinx_vip -L unisims_ver -L unimacro_ver -L secureip -L xpm --snapshot tb_uart_rx1_behav xil_defaultlib.tb_uart_rx1 xil_defaultlib.glbl -log elaborate.log 
Using 2 slave threads.
Starting static elaboration
Pass Through NonSizing Optimizer
Completed static elaboration
Starting simulation data flow analysis
Completed simulation data flow analysis
Time Resolution for simulation is 1ps
Compiling package std.standard
Compiling package std.textio
Compiling package ieee.std_logic_1164
Compiling package ieee.std_logic_arith
Compiling package ieee.std_logic_unsigned
Compiling package synopsys.attributes
Compiling package ieee.std_logic_misc
Compiling package fifo_generator_v13_2_5.fifo_generator_v13_2_5_pkg
Compiling package xpm.vcomponents
Compiling package ieee.numeric_std
Compiling package unisim.vcomponents
Compiling package ieee.vital_timing
Compiling package ieee.vital_primitives
Compiling package unisim.vpkg
Compiling architecture fifo36e2_v of entity unisim.FIFO36E2 [\FIFO36E2(cascade_order="FIRST",...]
Compiling architecture xilinx of entity fifo_generator_v13_2_5.builtin_prim [\builtin_prim(c_din_width=32,c_d...]
Compiling architecture fifo36e2_v of entity unisim.FIFO36E2 [\FIFO36E2(cascade_order="MIDDLE"...]
Compiling architecture xilinx of entity fifo_generator_v13_2_5.builtin_prim [\builtin_prim(c_din_width=32,c_d...]
Compiling architecture fifo36e2_v of entity unisim.FIFO36E2 [\FIFO36E2(cascade_order="LAST",c...]
Compiling architecture xilinx of entity fifo_generator_v13_2_5.builtin_prim [\builtin_prim(c_din_width=32,c_d...]
Compiling architecture xilinx of entity fifo_generator_v13_2_5.builtin_extdepth [\builtin_extdepth(c_family="8SER...]
Compiling architecture xilinx of entity fifo_generator_v13_2_5.builtin_top [\builtin_top(c_family="8SERIES",...]
Compiling architecture xilinx of entity fifo_generator_v13_2_5.input_blk [\input_blk(c_common_clock=0,c_di...]
Compiling architecture xilinx of entity fifo_generator_v13_2_5.output_blk [\output_blk(c_dout_width=32,c_pk...]
Compiling architecture xilinx of entity fifo_generator_v13_2_5.fifo_generator_v13_2_5_builtin [\fifo_generator_v13_2_5_builtin(...]
Compiling architecture xilinx of entity fifo_generator_v13_2_5.fifo_generator_top [\fifo_generator_top(c_family="vi...]
Compiling architecture xilinx of entity fifo_generator_v13_2_5.fifo_generator_v13_2_5_synth [\fifo_generator_v13_2_5_synth(c_...]
Compiling module xil_defaultlib.fifo_generator_0
Compiling module xil_defaultlib.uart_rx1_default
Compiling module xil_defaultlib.tb_uart_rx1
Compiling module xil_defaultlib.glbl
Built simulation snapshot tb_uart_rx1_behav
