#-----------------------------------------------------------
# Vivado v2020.1 (64-bit)
# SW Build 2902540 on Wed May 27 19:54:49 MDT 2020
# IP Build 2902112 on Wed May 27 22:43:36 MDT 2020
# Start of session at: Mon Dec 29 22:40:13 2025
# Process ID: 5104
# Current directory: E:/vivado_axidma3
# Command line: vivado.exe -gui_launcher_event rodinguilauncherevent10312 E:\vivado_axidma3\uav_sar.xpr
# Log file: E:/vivado_axidma3/vivado.log
# Journal file: E:/vivado_axidma3\vivado.jou
#-----------------------------------------------------------
start_gui
open_project E:/vivado_axidma3/uav_sar.xpr
CRITICAL WARNING: [Project 1-19] Could not find the file 'C:/Users/Administrator/Desktop/ad9269_sample.v'.
CRITICAL WARNING: [Project 1-19] Could not find the file 'C:/Users/Administrator/Desktop/tb_ad9269_sample.sv'.
CRITICAL WARNING: [Project 1-19] Could not find the file 'E:/vivado_axidma3/tb_adc_dma_behav.wcfg'.
Scanning sources...
Finished scanning sources
WARNING: [filemgmt 56-3] IP Repository Path: Could not find the directory 'E:/vivado_axidma3/repo/nav_data_rd_1.0'.
INFO: [IP_Flow 19-234] Refreshing IP repositories
INFO: [IP_Flow 19-1700] Loaded user IP repository 'e:/ip_repo/myip_1.0'.
INFO: [IP_Flow 19-1700] Loaded user IP repository 'e:/ip_repo/uart_uav_data_1.0'.
WARNING: [IP_Flow 19-3685] Ignored loading user repository 'e:/vivado_axidma3/repo/uart_uav_data_1.0'. The path is contained within another repository.
WARNING: [IP_Flow 19-2207] Repository 'e:/vivado_axidma3/repo/uart_uav_data_1.0' already exists; ignoring attempt to add it again.
WARNING: [IP_Flow 19-3685] Ignored loading user repository 'e:/vivado_axidma3/repo/uart_uav_data_1.0'. The path is contained within another repository.
WARNING: [IP_Flow 19-3685] Ignored loading user repository 'e:/vivado_axidma3/repo/pl_bram_rd_1.0'. The path is contained within another repository.
WARNING: [IP_Flow 19-3685] Ignored loading user repository 'e:/vivado_axidma3/repo/nav_data_rd_1.0'. The path is contained within another repository.
INFO: [IP_Flow 19-1700] Loaded user IP repository 'e:/vivado_axidma3/repo'.
INFO: [IP_Flow 19-2313] Loaded Vivado IP repository 'E:/Xilinx_vitis2020/Vivado/2020.1/data/ip'.
WARNING: [IP_Flow 19-1663] Duplicate IP found for 'xilinx.com:user:uart_uav_data:1.0'. The one found in IP location 'e:/vivado_axidma3/repo/uart_uav_data_1.0' will take precedence over the same IP in location e:/ip_repo/uart_uav_data_1.0
open_project: Time (s): cpu = 00:00:17 ; elapsed = 00:00:12 . Memory (MB): peak = 1076.773 ; gain = 0.000
update_compile_order -fileset sources_1
report_ip_status -name ip_status 
Excluding slave segment /zynq_ultra_ps/SAXIGP2/HP0_LPS_OCM from address space /zynq_ultra_pl/axi_dma/Data_S2MM.
Excluding slave segment /zynq_ultra_ps/SAXIGP2/HP0_LPS_OCM from address space /zynq_ultra_pl/axi_dma_0/Data_S2MM.
SLOT_0_AXI:SLOT_0_AXIS
open_bd_design {E:/vivado_axidma3/uav_sar.srcs/sources_1/bd/uav_sar/uav_sar.bd}
Adding component instance block -- xilinx.com:ip:zynq_ultra_ps_e:3.3 - zynq_ultra_ps
Adding component instance block -- xilinx.com:ip:clk_wiz:6.0 - clk_wiz
Adding component instance block -- xilinx.com:ip:util_ds_buf:2.1 - util_ds_buf
Adding component instance block -- xilinx.com:ip:proc_sys_reset:5.0 - proc_sys_reset
Adding component instance block -- xilinx.com:ip:axis_data_fifo:2.0 - axis_data_fifo_0
Adding component instance block -- xilinx.com:ip:axi_dma:7.1 - axi_dma
Adding component instance block -- xilinx.com:ip:axi_dma:7.1 - axi_dma_0
Adding component instance block -- xilinx.com:ip:axi_data_fifo:2.1 - axi_data_fifo
Adding component instance block -- xilinx.com:ip:axi_data_fifo:2.1 - axi_data_fifo_0
Adding component instance block -- xilinx.com:ip:axi_interconnect:2.1 - axi_interconnect_0
Adding component instance block -- xilinx.com:ip:axi_crossbar:2.1 - xbar
Adding component instance block -- xilinx.com:ip:axi_protocol_converter:2.1 - auto_pc
Adding component instance block -- xilinx.com:ip:axi_dwidth_converter:2.1 - auto_us
Adding component instance block -- xilinx.com:ip:axi_dwidth_converter:2.1 - auto_ds
Adding component instance block -- xilinx.com:ip:axi_dwidth_converter:2.1 - auto_ds
Adding component instance block -- xilinx.com:ip:axi_dwidth_converter:2.1 - auto_ds
Adding component instance block -- xilinx.com:ip:axi_interconnect:2.1 - axi_interconnect_1
Adding component instance block -- xilinx.com:ip:axi_crossbar:2.1 - xbar
Adding component instance block -- xilinx.com:ip:axi_dwidth_converter:2.1 - auto_us
Adding component instance block -- xilinx.com:ip:axi_dwidth_converter:2.1 - auto_us
Adding component instance block -- xilinx.com:user:uart_uav_data:1.0 - uart_uav_data_0
Adding component instance block -- xilinx.com:user:ad9269_sample_ctrl:1.0 - ad9269_sample_ctrl
Adding component instance block -- xilinx.com:ip:system_ila:1.1 - system_ila_1
Excluding slave segment /zynq_ultra_ps/SAXIGP2/HP0_LPS_OCM from address space /zynq_ultra_pl/axi_dma/Data_S2MM.
Excluding slave segment /zynq_ultra_ps/SAXIGP2/HP0_LPS_OCM from address space /zynq_ultra_pl/axi_dma_0/Data_S2MM.
Successfully read diagram <uav_sar> from BD file <E:/vivado_axidma3/uav_sar.srcs/sources_1/bd/uav_sar/uav_sar.bd>
launch_runs impl_1 -to_step write_bitstream -jobs 8
[Mon Dec 29 22:43:08 2025] Launched synth_1...
Run output will be captured here: E:/vivado_axidma3/uav_sar.runs/synth_1/runme.log
[Mon Dec 29 22:43:08 2025] Launched impl_1...
Run output will be captured here: E:/vivado_axidma3/uav_sar.runs/impl_1/runme.log
ipx::edit_ip_in_project -upgrade true -name uart_uav_data_v1_0_project -directory E:/vivado_axidma3/uav_sar.tmp/uart_uav_data_v1_0_project e:/vivado_axidma3/repo/uart_uav_data_1.0/component.xml
INFO: [IP_Flow 19-234] Refreshing IP repositories
INFO: [IP_Flow 19-1704] No user IP repositories specified
INFO: [IP_Flow 19-2313] Loaded Vivado IP repository 'E:/Xilinx_vitis2020/Vivado/2020.1/data/ip'.
INFO: [IP_Flow 19-234] Refreshing IP repositories
INFO: [IP_Flow 19-1700] Loaded user IP repository 'e:/ip_repo/myip_1.0'.
INFO: [IP_Flow 19-1700] Loaded user IP repository 'e:/ip_repo/uart_uav_data_1.0'.
WARNING: [IP_Flow 19-3685] Ignored loading user repository 'e:/vivado_axidma3/repo/uart_uav_data_1.0'. The path is contained within another repository.
WARNING: [IP_Flow 19-2207] Repository 'e:/vivado_axidma3/repo/uart_uav_data_1.0' already exists; ignoring attempt to add it again.
WARNING: [IP_Flow 19-3685] Ignored loading user repository 'e:/vivado_axidma3/repo/uart_uav_data_1.0'. The path is contained within another repository.
WARNING: [IP_Flow 19-3685] Ignored loading user repository 'e:/vivado_axidma3/repo/pl_bram_rd_1.0'. The path is contained within another repository.
WARNING: [IP_Flow 19-3685] Ignored loading user repository 'e:/vivado_axidma3/repo/nav_data_rd_1.0'. The path is contained within another repository.
INFO: [IP_Flow 19-1700] Loaded user IP repository 'e:/vivado_axidma3/repo'.
WARNING: [IP_Flow 19-1663] Duplicate IP found for 'xilinx.com:user:uart_uav_data:1.0'. The one found in IP location 'e:/vivado_axidma3/repo/uart_uav_data_1.0' will take precedence over the same IP in location e:/ip_repo/uart_uav_data_1.0
INFO: [IP_Flow 19-795] Syncing license key meta-data
WARNING: [filemgmt 56-99] Vivado Synthesis ignores library specification for Verilog or SystemVerilog files. [e:/vivado_axidma3/repo/uart_uav_data_1.0/hdl/uart_rx.v:]
WARNING: [filemgmt 56-99] Vivado Synthesis ignores library specification for Verilog or SystemVerilog files. [e:/vivado_axidma3/repo/uart_uav_data_1.0/hdl/uart_uav_data_v1_0_S00_AXI.v:]
WARNING: [filemgmt 56-99] Vivado Synthesis ignores library specification for Verilog or SystemVerilog files. [e:/vivado_axidma3/repo/uart_uav_data_1.0/hdl/utc_time.v:]
WARNING: [filemgmt 56-99] Vivado Synthesis ignores library specification for Verilog or SystemVerilog files. [e:/vivado_axidma3/repo/uart_uav_data_1.0/hdl/uart_uav_data_v1_0.v:]
ipx::edit_ip_in_project: Time (s): cpu = 00:00:10 ; elapsed = 00:00:06 . Memory (MB): peak = 1197.102 ; gain = 63.535
update_compile_order -fileset sources_1
ipx::merge_project_changes files [ipx::current_core]
WARNING: [IP_Flow 19-5226] Project source file 'e:/vivado_axidma3/repo/uart_uav_data_1.0/component.xml' ignored by IP packager.
ipx::update_checksums [ipx::current_core]
ipx::save_core [ipx::current_core]
set_property core_revision 43 [ipx::current_core]
ipx::update_source_project_archive -component [ipx::current_core]
ipx::create_xgui_files [ipx::current_core]
ipx::update_checksums [ipx::current_core]
ipx::save_core [ipx::current_core]
ipx::move_temp_component_back -component [ipx::current_core]
close_project -delete
update_ip_catalog -rebuild -repo_path e:/vivado_axidma3/repo/uart_uav_data_1.0
CRITICAL WARNING: [IP_Flow 19-1681] Failed to reload user IP repository 'e:/vivado_axidma3/repo/uart_uav_data_1.0'. ''e:/vivado_axidma3/repo/uart_uav_data_1.0' is not valid: Path is contained within another repository.'
WARNING: [IP_Flow 19-1663] Duplicate IP found for 'xilinx.com:user:uart_uav_data:1.0'. The one found in IP location 'e:/vivado_axidma3/repo/uart_uav_data_1.0' will take precedence over the same IP in location e:/ip_repo/uart_uav_data_1.0
0
report_ip_status -name ip_status 
upgrade_ip -srcset uav_sar -vlnv xilinx.com:user:uart_uav_data:1.0 [get_ips  uav_sar_uart_uav_data_0_4] -log ip_upgrade.log
Upgrading 'E:/vivado_axidma3/uav_sar.srcs/sources_1/bd/uav_sar/uav_sar.bd'
INFO: [IP_Flow 19-1972] Upgraded uav_sar_uart_uav_data_0_4 from uart_uav_data_v1.0 1.0 to uart_uav_data_v1.0 1.0
Wrote  : <E:\vivado_axidma3\uav_sar.srcs\sources_1\bd\uav_sar\uav_sar.bd> 
Wrote  : <E:/vivado_axidma3/uav_sar.srcs/sources_1/bd/uav_sar/ui/bd_934feeaf.ui> 
INFO: [Coretcl 2-1525] Wrote upgrade log to 'E:/vivado_axidma3/ip_upgrade.log'.
export_ip_user_files -of_objects [get_ips uav_sar_uart_uav_data_0_4] -no_script -sync -force -quiet
generate_target all [get_files  E:/vivado_axidma3/uav_sar.srcs/sources_1/bd/uav_sar/uav_sar.bd]
WARNING: [BD 41-1781] Updates have been made to one or more nets/interface connections marked for debug.
Debug nets, which are already connected to any ILA IP core in the block-design, will be automatically available for debug in Hardware Manager.
For unconnected Debug nets, please open synthesized design and use 'Set Up Debug' wizard to insert, modify or delete Debug Cores. 
ERROR: [BD 5-683] VLNV <xilinx.com:ip:axi_dwidth_converter:2.1> is not supported for the current part.
ERROR: [Common 17-39] 'create_bd_cell' failed due to earlier errors.
ERROR: [BD 41-1273] Error running post_propagate TCL procedure: ERROR: [Common 17-39] 'create_bd_cell' failed due to earlier errors.
    ifx_insert_ip Line 14
ERROR: [BD 5-683] VLNV <xilinx.com:ip:axi_dwidth_converter:2.1> is not supported for the current part.
ERROR: [Common 17-39] 'create_bd_cell' failed due to earlier errors.
ERROR: [BD 41-1273] Error running post_propagate TCL procedure: ERROR: [Common 17-39] 'create_bd_cell' failed due to earlier errors.
    ifx_insert_ip Line 14
ERROR: [BD 5-390] IP definition not found for VLNV: xilinx.com:ip:ila:* 
ERROR: [Common 17-39] 'create_bd_cell' failed due to earlier errors.
CRITICAL WARNING: [IP_Flow 19-1747] Failed to deliver file 'e:/Xilinx_vitis2020/Vivado/2020.1/data/ip/xilinx/system_ila_v1_1/elaborate/bd.xit': ERROR: [Common 17-39] 'create_bd_cell' failed due to earlier errors.

ERROR: [IP_Flow 19-167] Failed to deliver one or more file(s).
ERROR: [IP_Flow 19-3541] IP Elaboration error: Failed to generate IP 'system_ila_1'. Failed to generate 'Elaborate BD' outputs: Failed to elaborate IP.
ERROR: [BD 41-1031] Hdl Generation failed for the IP Integrator design E:/vivado_axidma3/uav_sar.srcs/sources_1/bd/uav_sar/uav_sar.bd 
generate_target: Time (s): cpu = 00:00:26 ; elapsed = 00:00:27 . Memory (MB): peak = 1381.344 ; gain = 30.945
ERROR: [Common 17-39] 'generate_target' failed due to earlier errors.
report_ip_status -name ip_status 
generate_target all [get_files  E:/vivado_axidma3/uav_sar.srcs/sources_1/bd/uav_sar/uav_sar.bd]
WARNING: [BD 41-1781] Updates have been made to one or more nets/interface connections marked for debug.
Debug nets, which are already connected to any ILA IP core in the block-design, will be automatically available for debug in Hardware Manager.
For unconnected Debug nets, please open synthesized design and use 'Set Up Debug' wizard to insert, modify or delete Debug Cores. 
ERROR: [BD 5-683] VLNV <xilinx.com:ip:axi_dwidth_converter:2.1> is not supported for the current part.
ERROR: [Common 17-39] 'create_bd_cell' failed due to earlier errors.
ERROR: [BD 41-1273] Error running post_propagate TCL procedure: ERROR: [Common 17-39] 'create_bd_cell' failed due to earlier errors.
    ifx_insert_ip Line 14
ERROR: [BD 5-683] VLNV <xilinx.com:ip:axi_dwidth_converter:2.1> is not supported for the current part.
ERROR: [Common 17-39] 'create_bd_cell' failed due to earlier errors.
ERROR: [BD 41-1273] Error running post_propagate TCL procedure: ERROR: [Common 17-39] 'create_bd_cell' failed due to earlier errors.
    ifx_insert_ip Line 14
ERROR: [BD 5-390] IP definition not found for VLNV: xilinx.com:ip:ila:* 
ERROR: [Common 17-39] 'create_bd_cell' failed due to earlier errors.
CRITICAL WARNING: [IP_Flow 19-1747] Failed to deliver file 'e:/Xilinx_vitis2020/Vivado/2020.1/data/ip/xilinx/system_ila_v1_1/elaborate/bd.xit': ERROR: [Common 17-39] 'create_bd_cell' failed due to earlier errors.

ERROR: [IP_Flow 19-167] Failed to deliver one or more file(s).
ERROR: [IP_Flow 19-3541] IP Elaboration error: Failed to generate IP 'system_ila_1'. Failed to generate 'Elaborate BD' outputs: Failed to elaborate IP.
ERROR: [BD 41-1031] Hdl Generation failed for the IP Integrator design E:/vivado_axidma3/uav_sar.srcs/sources_1/bd/uav_sar/uav_sar.bd 
generate_target: Time (s): cpu = 00:00:22 ; elapsed = 00:00:26 . Memory (MB): peak = 1396.004 ; gain = 14.660
ERROR: [Common 17-39] 'generate_target' failed due to earlier errors.
ipx::edit_ip_in_project -upgrade true -name uart_uav_data_v1_0_project -directory E:/vivado_axidma3/uav_sar.tmp/uart_uav_data_v1_0_project e:/vivado_axidma3/repo/uart_uav_data_1.0/component.xml
INFO: [IP_Flow 19-234] Refreshing IP repositories
INFO: [IP_Flow 19-1704] No user IP repositories specified
INFO: [IP_Flow 19-2313] Loaded Vivado IP repository 'E:/Xilinx_vitis2020/Vivado/2020.1/data/ip'.
INFO: [IP_Flow 19-234] Refreshing IP repositories
INFO: [IP_Flow 19-1700] Loaded user IP repository 'e:/ip_repo/myip_1.0'.
INFO: [IP_Flow 19-1700] Loaded user IP repository 'e:/ip_repo/uart_uav_data_1.0'.
WARNING: [IP_Flow 19-3685] Ignored loading user repository 'e:/vivado_axidma3/repo/uart_uav_data_1.0'. The path is contained within another repository.
WARNING: [IP_Flow 19-2207] Repository 'e:/vivado_axidma3/repo/uart_uav_data_1.0' already exists; ignoring attempt to add it again.
WARNING: [IP_Flow 19-3685] Ignored loading user repository 'e:/vivado_axidma3/repo/uart_uav_data_1.0'. The path is contained within another repository.
WARNING: [IP_Flow 19-3685] Ignored loading user repository 'e:/vivado_axidma3/repo/pl_bram_rd_1.0'. The path is contained within another repository.
WARNING: [IP_Flow 19-3685] Ignored loading user repository 'e:/vivado_axidma3/repo/nav_data_rd_1.0'. The path is contained within another repository.
INFO: [IP_Flow 19-1700] Loaded user IP repository 'e:/vivado_axidma3/repo'.
WARNING: [IP_Flow 19-1663] Duplicate IP found for 'xilinx.com:user:uart_uav_data:1.0'. The one found in IP location 'e:/vivado_axidma3/repo/uart_uav_data_1.0' will take precedence over the same IP in location e:/ip_repo/uart_uav_data_1.0
INFO: [IP_Flow 19-795] Syncing license key meta-data
WARNING: [filemgmt 56-99] Vivado Synthesis ignores library specification for Verilog or SystemVerilog files. [e:/vivado_axidma3/repo/uart_uav_data_1.0/hdl/uart_rx.v:]
WARNING: [filemgmt 56-99] Vivado Synthesis ignores library specification for Verilog or SystemVerilog files. [e:/vivado_axidma3/repo/uart_uav_data_1.0/hdl/uart_uav_data_v1_0_S00_AXI.v:]
WARNING: [filemgmt 56-99] Vivado Synthesis ignores library specification for Verilog or SystemVerilog files. [e:/vivado_axidma3/repo/uart_uav_data_1.0/hdl/utc_time.v:]
WARNING: [filemgmt 56-99] Vivado Synthesis ignores library specification for Verilog or SystemVerilog files. [e:/vivado_axidma3/repo/uart_uav_data_1.0/hdl/uart_uav_data_v1_0.v:]
update_compile_order -fileset sources_1
set_property core_revision 44 [ipx::current_core]
ipx::update_source_project_archive -component [ipx::current_core]
ipx::create_xgui_files [ipx::current_core]
ipx::update_checksums [ipx::current_core]
ipx::save_core [ipx::current_core]
ipx::move_temp_component_back -component [ipx::current_core]
close_project -delete
update_ip_catalog -rebuild -repo_path e:/vivado_axidma3/repo/uart_uav_data_1.0
CRITICAL WARNING: [IP_Flow 19-1681] Failed to reload user IP repository 'e:/vivado_axidma3/repo/uart_uav_data_1.0'. ''e:/vivado_axidma3/repo/uart_uav_data_1.0' is not valid: Path is contained within another repository.'
WARNING: [IP_Flow 19-1663] Duplicate IP found for 'xilinx.com:user:uart_uav_data:1.0'. The one found in IP location 'e:/vivado_axidma3/repo/uart_uav_data_1.0' will take precedence over the same IP in location e:/ip_repo/uart_uav_data_1.0
0
report_ip_status -name ip_status 
save_bd_design
Wrote  : <E:\vivado_axidma3\uav_sar.srcs\sources_1\bd\uav_sar\uav_sar.bd> 
exit
INFO: [Common 17-206] Exiting Vivado at Tue Dec 30 11:07:18 2025...
