#-----------------------------------------------------------
# Vivado v2020.1 (64-bit)
# SW Build 2902540 on Wed May 27 19:54:49 MDT 2020
# IP Build 2902112 on Wed May 27 22:43:36 MDT 2020
# Start of session at: Tue Dec 30 11:07:37 2025
# Process ID: 35476
# Current directory: E:/vivado_axidma3
# Command line: vivado.exe -gui_launcher_event rodinguilauncherevent26692 E:\vivado_axidma3\uav_sar.xpr
# Log file: E:/vivado_axidma3/vivado.log
# Journal file: E:/vivado_axidma3\vivado.jou
#-----------------------------------------------------------
start_gui
open_project E:/vivado_axidma3/uav_sar.xpr
CRITICAL WARNING: [Project 1-19] Could not find the file 'C:/Users/Administrator/Desktop/ad9269_sample.v'.
CRITICAL WARNING: [Project 1-19] Could not find the file 'C:/Users/Administrator/Desktop/tb_ad9269_sample.sv'.
CRITICAL WARNING: [Project 1-19] Could not find the file 'E:/vivado_axidma3/tb_adc_dma_behav.wcfg'.
Scanning sources...
Finished scanning sources
WARNING: [filemgmt 56-3] IP Repository Path: Could not find the directory 'E:/vivado_axidma3/repo/nav_data_rd_1.0'.
INFO: [IP_Flow 19-234] Refreshing IP repositories
INFO: [IP_Flow 19-1700] Loaded user IP repository 'e:/ip_repo/myip_1.0'.
INFO: [IP_Flow 19-1700] Loaded user IP repository 'e:/ip_repo/uart_uav_data_1.0'.
WARNING: [IP_Flow 19-3685] Ignored loading user repository 'e:/vivado_axidma3/repo/uart_uav_data_1.0'. The path is contained within another repository.
WARNING: [IP_Flow 19-2207] Repository 'e:/vivado_axidma3/repo/uart_uav_data_1.0' already exists; ignoring attempt to add it again.
WARNING: [IP_Flow 19-3685] Ignored loading user repository 'e:/vivado_axidma3/repo/uart_uav_data_1.0'. The path is contained within another repository.
WARNING: [IP_Flow 19-3685] Ignored loading user repository 'e:/vivado_axidma3/repo/pl_bram_rd_1.0'. The path is contained within another repository.
WARNING: [IP_Flow 19-3685] Ignored loading user repository 'e:/vivado_axidma3/repo/nav_data_rd_1.0'. The path is contained within another repository.
INFO: [IP_Flow 19-1700] Loaded user IP repository 'e:/vivado_axidma3/repo'.
INFO: [IP_Flow 19-2313] Loaded Vivado IP repository 'E:/Xilinx_vitis2020/Vivado/2020.1/data/ip'.
WARNING: [IP_Flow 19-1663] Duplicate IP found for 'xilinx.com:user:uart_uav_data:1.0'. The one found in IP location 'e:/vivado_axidma3/repo/uart_uav_data_1.0' will take precedence over the same IP in location e:/ip_repo/uart_uav_data_1.0
WARNING: [BD 41-1661] One or more IPs have been locked in the design 'uav_sar.bd'. Please run report_ip_status for more details and recommendations on how to fix this issue.
List of locked IPs:
uav_sar_uart_uav_data_0_4

open_project: Time (s): cpu = 00:00:26 ; elapsed = 00:00:17 . Memory (MB): peak = 1077.145 ; gain = 0.000
update_compile_order -fileset sources_1
ereport_ip_status -name ip_status 
Excluding slave segment /zynq_ultra_ps/SAXIGP2/HP0_LPS_OCM from address space /zynq_ultra_pl/axi_dma/Data_S2MM.
Excluding slave segment /zynq_ultra_ps/SAXIGP2/HP0_LPS_OCM from address space /zynq_ultra_pl/axi_dma_0/Data_S2MM.
report_ip_status: Time (s): cpu = 00:00:06 ; elapsed = 00:00:05 . Memory (MB): peak = 1242.855 ; gain = 0.000
upgrade_ip -srcset uav_sar -vlnv xilinx.com:user:uart_uav_data:1.0 [get_ips  uav_sar_uart_uav_data_0_4] -log ip_upgrade.log
Adding component instance block -- xilinx.com:ip:zynq_ultra_ps_e:3.3 - zynq_ultra_ps
Adding component instance block -- xilinx.com:ip:clk_wiz:6.0 - clk_wiz
Adding component instance block -- xilinx.com:ip:util_ds_buf:2.1 - util_ds_buf
Adding component instance block -- xilinx.com:ip:proc_sys_reset:5.0 - proc_sys_reset
Adding component instance block -- xilinx.com:ip:axis_data_fifo:2.0 - axis_data_fifo_0
Adding component instance block -- xilinx.com:ip:axi_dma:7.1 - axi_dma
Adding component instance block -- xilinx.com:ip:axi_dma:7.1 - axi_dma_0
Adding component instance block -- xilinx.com:ip:axi_data_fifo:2.1 - axi_data_fifo
Adding component instance block -- xilinx.com:ip:axi_data_fifo:2.1 - axi_data_fifo_0
Adding component instance block -- xilinx.com:ip:axi_interconnect:2.1 - axi_interconnect_0
Adding component instance block -- xilinx.com:ip:axi_crossbar:2.1 - xbar
Adding component instance block -- xilinx.com:ip:axi_interconnect:2.1 - axi_interconnect_1
Adding component instance block -- xilinx.com:ip:axi_crossbar:2.1 - xbar
Adding component instance block -- xilinx.com:user:ad9269_sample_ctrl:1.0 - ad9269_sample_ctrl
Adding component instance block -- xilinx.com:user:uart_uav_data:1.0 - uart_uav_data_0
Adding component instance block -- xilinx.com:ip:system_ila:1.1 - system_ila_1
Excluding slave segment /zynq_ultra_ps/SAXIGP2/HP0_LPS_OCM from address space /zynq_ultra_pl/axi_dma/Data_S2MM.
Excluding slave segment /zynq_ultra_ps/SAXIGP2/HP0_LPS_OCM from address space /zynq_ultra_pl/axi_dma_0/Data_S2MM.
Successfully read diagram <uav_sar> from BD file <E:/vivado_axidma3/uav_sar.srcs/sources_1/bd/uav_sar/uav_sar.bd>
Upgrading 'E:/vivado_axidma3/uav_sar.srcs/sources_1/bd/uav_sar/uav_sar.bd'
INFO: [IP_Flow 19-3422] Upgraded uav_sar_uart_uav_data_0_4 (uart_uav_data_v1.0 1.0) from revision 42 to revision 44
Wrote  : <E:\vivado_axidma3\uav_sar.srcs\sources_1\bd\uav_sar\uav_sar.bd> 
Wrote  : <E:/vivado_axidma3/uav_sar.srcs/sources_1/bd/uav_sar/ui/bd_934feeaf.ui> 
INFO: [Coretcl 2-1525] Wrote upgrade log to 'E:/vivado_axidma3/ip_upgrade.log'.
upgrade_ip: Time (s): cpu = 00:00:08 ; elapsed = 00:00:08 . Memory (MB): peak = 1242.855 ; gain = 0.000
export_ip_user_files -of_objects [get_ips uav_sar_uart_uav_data_0_4] -no_script -sync -force -quiet
generate_target all [get_files  E:/vivado_axidma3/uav_sar.srcs/sources_1/bd/uav_sar/uav_sar.bd]
WARNING: [BD 41-1781] Updates have been made to one or more nets/interface connections marked for debug.
Debug nets, which are already connected to any ILA IP core in the block-design, will be automatically available for debug in Hardware Manager.
For unconnected Debug nets, please open synthesized design and use 'Set Up Debug' wizard to insert, modify or delete Debug Cores. 
CRITICAL WARNING: [BD 41-1343] Reset pin /zynq_ultra_pl/ad9269_sample_ctrl/adc_rst_n (associated clock /zynq_ultra_pl/ad9269_sample_ctrl/adc_clk) is connected to reset source /zynq_ultra_pl/proc_sys_reset/peripheral_aresetn (synchronous to clock source /zynq_ultra_pl/clk_wiz/clk_out1).
This may prevent design from meeting timing. Please add Processor System Reset module to create a reset that is synchronous to the associated clock source /zynq_ultra_pl/util_ds_buf/BUFG_O.
INFO: [xilinx.com:ip:clk_wiz:6.0-1] /zynq_ultra_pl/clk_wiz clk_wiz propagate
INFO: [xilinx.com:ip:clk_wiz:6.0-1] /zynq_ultra_pl/clk_wiz clk_wiz propagate
WARNING: [BD 41-237] Bus Interface property AWUSER_WIDTH does not match between /zynq_ultra_pl/axi_interconnect_0/s00_couplers/auto_pc/S_AXI(0) and /zynq_ultra_ps/M_AXI_HPM0_LPD(16)
WARNING: [BD 41-237] Bus Interface property ARUSER_WIDTH does not match between /zynq_ultra_pl/axi_interconnect_0/s00_couplers/auto_pc/S_AXI(0) and /zynq_ultra_ps/M_AXI_HPM0_LPD(16)
WARNING: [BD 41-237] Bus Interface property AWUSER_WIDTH does not match between /zynq_ultra_ps/S_AXI_HP0_FPD(1) and /zynq_ultra_pl/axi_interconnect_1/xbar/M00_AXI(0)
WARNING: [BD 41-237] Bus Interface property ARUSER_WIDTH does not match between /zynq_ultra_ps/S_AXI_HP0_FPD(1) and /zynq_ultra_pl/axi_interconnect_1/xbar/M00_AXI(0)
Wrote  : <E:\vivado_axidma3\uav_sar.srcs\sources_1\bd\uav_sar\uav_sar.bd> 
WARNING: [BD 41-2384] Width mismatch when connecting pin: '/zynq_ultra_pl/axi_interconnect_1/xbar/m_axi_bid'(2) to pin: '/zynq_ultra_pl/axi_interconnect_1/m00_couplers/S_AXI_bid'(6) - Only lower order bits will be connected.
WARNING: [BD 41-2384] Width mismatch when connecting pin: '/zynq_ultra_pl/axi_interconnect_1/xbar/m_axi_rid'(2) to pin: '/zynq_ultra_pl/axi_interconnect_1/m00_couplers/S_AXI_rid'(6) - Only lower order bits will be connected.
WARNING: [BD 41-2384] Width mismatch when connecting pin: '/zynq_ultra_ps/saxigp2_awid'(6) to pin: '/zynq_ultra_pl/M00_AXI_awid'(2) - Only lower order bits will be connected.
WARNING: [BD 41-2384] Width mismatch when connecting pin: '/zynq_ultra_ps/saxigp2_arid'(6) to pin: '/zynq_ultra_pl/M00_AXI_arid'(2) - Only lower order bits will be connected.
VHDL Output written to : E:/vivado_axidma3/uav_sar.srcs/sources_1/bd/uav_sar/synth/uav_sar.v
WARNING: [BD 41-2384] Width mismatch when connecting pin: '/zynq_ultra_pl/axi_interconnect_1/xbar/m_axi_bid'(2) to pin: '/zynq_ultra_pl/axi_interconnect_1/m00_couplers/S_AXI_bid'(6) - Only lower order bits will be connected.
WARNING: [BD 41-2384] Width mismatch when connecting pin: '/zynq_ultra_pl/axi_interconnect_1/xbar/m_axi_rid'(2) to pin: '/zynq_ultra_pl/axi_interconnect_1/m00_couplers/S_AXI_rid'(6) - Only lower order bits will be connected.
WARNING: [BD 41-2384] Width mismatch when connecting pin: '/zynq_ultra_ps/saxigp2_awid'(6) to pin: '/zynq_ultra_pl/M00_AXI_awid'(2) - Only lower order bits will be connected.
WARNING: [BD 41-2384] Width mismatch when connecting pin: '/zynq_ultra_ps/saxigp2_arid'(6) to pin: '/zynq_ultra_pl/M00_AXI_arid'(2) - Only lower order bits will be connected.
VHDL Output written to : E:/vivado_axidma3/uav_sar.srcs/sources_1/bd/uav_sar/sim/uav_sar.v
VHDL Output written to : E:/vivado_axidma3/uav_sar.srcs/sources_1/bd/uav_sar/hdl/uav_sar_wrapper.v
INFO: [BD 41-1029] Generation completed for the IP Integrator block zynq_ultra_pl/uart_uav_data_0 .
Exporting to file e:/vivado_axidma3/uav_sar.srcs/sources_1/bd/uav_sar/ip/uav_sar_system_ila_1_0/bd_0/hw_handoff/uav_sar_system_ila_1_0.hwh
Generated Block Design Tcl file e:/vivado_axidma3/uav_sar.srcs/sources_1/bd/uav_sar/ip/uav_sar_system_ila_1_0/bd_0/hw_handoff/uav_sar_system_ila_1_0_bd.tcl
Generated Hardware Definition File e:/vivado_axidma3/uav_sar.srcs/sources_1/bd/uav_sar/ip/uav_sar_system_ila_1_0/bd_0/synth/uav_sar_system_ila_1_0.hwdef
INFO: [BD 41-1029] Generation completed for the IP Integrator block system_ila_1 .
WARNING: [IP_Flow 19-4994] Overwriting existing constraint file 'e:/vivado_axidma3/uav_sar.srcs/sources_1/bd/uav_sar/ip/uav_sar_auto_pc_0/uav_sar_auto_pc_0_ooc.xdc'
INFO: [BD 41-1029] Generation completed for the IP Integrator block zynq_ultra_pl/axi_interconnect_0/s00_couplers/auto_pc .
WARNING: [IP_Flow 19-4994] Overwriting existing constraint file 'e:/vivado_axidma3/uav_sar.srcs/sources_1/bd/uav_sar/ip/uav_sar_auto_us_0/uav_sar_auto_us_0_ooc.xdc'
WARNING: [IP_Flow 19-5611] Unable to find an associated reset port for the interface 'S_AXI'. A default connection has been created.
WARNING: [IP_Flow 19-5611] Unable to find an associated reset port for the interface 'M_AXI'. A default connection has been created.
INFO: [BD 41-1029] Generation completed for the IP Integrator block zynq_ultra_pl/axi_interconnect_0/s00_couplers/auto_us .
WARNING: [IP_Flow 19-4994] Overwriting existing constraint file 'e:/vivado_axidma3/uav_sar.srcs/sources_1/bd/uav_sar/ip/uav_sar_auto_ds_0/uav_sar_auto_ds_0_ooc.xdc'
WARNING: [IP_Flow 19-5611] Unable to find an associated reset port for the interface 'S_AXI'. A default connection has been created.
WARNING: [IP_Flow 19-5611] Unable to find an associated reset port for the interface 'M_AXI'. A default connection has been created.
INFO: [BD 41-1029] Generation completed for the IP Integrator block zynq_ultra_pl/axi_interconnect_0/m00_couplers/auto_ds .
WARNING: [IP_Flow 19-4994] Overwriting existing constraint file 'e:/vivado_axidma3/uav_sar.srcs/sources_1/bd/uav_sar/ip/uav_sar_auto_ds_1/uav_sar_auto_ds_1_ooc.xdc'
WARNING: [IP_Flow 19-5611] Unable to find an associated reset port for the interface 'S_AXI'. A default connection has been created.
WARNING: [IP_Flow 19-5611] Unable to find an associated reset port for the interface 'M_AXI'. A default connection has been created.
INFO: [BD 41-1029] Generation completed for the IP Integrator block zynq_ultra_pl/axi_interconnect_0/m02_couplers/auto_ds .
WARNING: [IP_Flow 19-4994] Overwriting existing constraint file 'e:/vivado_axidma3/uav_sar.srcs/sources_1/bd/uav_sar/ip/uav_sar_auto_ds_2/uav_sar_auto_ds_2_ooc.xdc'
WARNING: [IP_Flow 19-5611] Unable to find an associated reset port for the interface 'S_AXI'. A default connection has been created.
WARNING: [IP_Flow 19-5611] Unable to find an associated reset port for the interface 'M_AXI'. A default connection has been created.
INFO: [BD 41-1029] Generation completed for the IP Integrator block zynq_ultra_pl/axi_interconnect_0/m03_couplers/auto_ds .
WARNING: [IP_Flow 19-4994] Overwriting existing constraint file 'e:/vivado_axidma3/uav_sar.srcs/sources_1/bd/uav_sar/ip/uav_sar_auto_us_1/uav_sar_auto_us_1_ooc.xdc'
WARNING: [IP_Flow 19-5611] Unable to find an associated reset port for the interface 'S_AXI'. A default connection has been created.
WARNING: [IP_Flow 19-5611] Unable to find an associated reset port for the interface 'M_AXI'. A default connection has been created.
INFO: [BD 41-1029] Generation completed for the IP Integrator block zynq_ultra_pl/axi_interconnect_1/s00_couplers/auto_us .
WARNING: [IP_Flow 19-4994] Overwriting existing constraint file 'e:/vivado_axidma3/uav_sar.srcs/sources_1/bd/uav_sar/ip/uav_sar_auto_us_2/uav_sar_auto_us_2_ooc.xdc'
WARNING: [IP_Flow 19-5611] Unable to find an associated reset port for the interface 'S_AXI'. A default connection has been created.
WARNING: [IP_Flow 19-5611] Unable to find an associated reset port for the interface 'M_AXI'. A default connection has been created.
INFO: [BD 41-1029] Generation completed for the IP Integrator block zynq_ultra_pl/axi_interconnect_1/s01_couplers/auto_us .
Exporting to file E:/vivado_axidma3/uav_sar.srcs/sources_1/bd/uav_sar/hw_handoff/uav_sar.hwh
Generated Block Design Tcl file E:/vivado_axidma3/uav_sar.srcs/sources_1/bd/uav_sar/hw_handoff/uav_sar_bd.tcl
Generated Hardware Definition File E:/vivado_axidma3/uav_sar.srcs/sources_1/bd/uav_sar/synth/uav_sar.hwdef
generate_target: Time (s): cpu = 00:00:40 ; elapsed = 00:00:45 . Memory (MB): peak = 1497.602 ; gain = 254.746
export_ip_user_files -of_objects [get_files E:/vivado_axidma3/uav_sar.srcs/sources_1/bd/uav_sar/uav_sar.bd] -no_script -sync -force -quiet
reset_run uav_sar_synth_1
launch_runs uav_sar_synth_1 -jobs 12
[Tue Dec 30 11:09:34 2025] Launched uav_sar_synth_1...
Run output will be captured here: E:/vivado_axidma3/uav_sar.runs/uav_sar_synth_1/runme.log
export_simulation -of_objects [get_files E:/vivado_axidma3/uav_sar.srcs/sources_1/bd/uav_sar/uav_sar.bd] -directory E:/vivado_axidma3/uav_sar.ip_user_files/sim_scripts -ip_user_files_dir E:/vivado_axidma3/uav_sar.ip_user_files -ipstatic_source_dir E:/vivado_axidma3/uav_sar.ip_user_files/ipstatic -lib_map_path [list {modelsim=E:/vivado_axidma3/uav_sar.cache/compile_simlib/modelsim} {questa=D:/Questasim/vivado_lib} {riviera=E:/vivado_axidma3/uav_sar.cache/compile_simlib/riviera} {activehdl=E:/vivado_axidma3/uav_sar.cache/compile_simlib/activehdl}] -use_ip_compiled_libs -force -quiet
reset_run synth_1
launch_runs impl_1 -to_step write_bitstream -jobs 12
[Tue Dec 30 11:15:40 2025] Launched synth_1...
Run output will be captured here: E:/vivado_axidma3/uav_sar.runs/synth_1/runme.log
[Tue Dec 30 11:15:40 2025] Launched impl_1...
Run output will be captured here: E:/vivado_axidma3/uav_sar.runs/impl_1/runme.log
set_property pfm_name {} [get_files -all {E:/vivado_axidma3/uav_sar.srcs/sources_1/bd/uav_sar/uav_sar.bd}]
write_hw_platform -fixed -include_bit -force -file E:/vivado_axidma3/uav_sar_wrapper1.xsa
INFO: [Vivado 12-4895] Creating Hardware Platform: E:/vivado_axidma3/uav_sar_wrapper1.xsa ...
INFO: [Hsi 55-2053] elapsed time for repository (E:/Xilinx_vitis2020/Vivado/2020.1/data\embeddedsw) loading 0 seconds
INFO: [Vivado 12-4896] Successfully created Hardware Platform: E:/vivado_axidma3/uav_sar_wrapper1.xsa
write_hw_platform: Time (s): cpu = 00:00:33 ; elapsed = 00:00:34 . Memory (MB): peak = 1754.676 ; gain = 210.062
ipx::edit_ip_in_project -upgrade true -name uart_uav_data_v1_0_project -directory E:/vivado_axidma3/uav_sar.tmp/uart_uav_data_v1_0_project e:/vivado_axidma3/repo/uart_uav_data_1.0/component.xml
INFO: [IP_Flow 19-234] Refreshing IP repositories
INFO: [IP_Flow 19-1704] No user IP repositories specified
INFO: [IP_Flow 19-2313] Loaded Vivado IP repository 'E:/Xilinx_vitis2020/Vivado/2020.1/data/ip'.
INFO: [IP_Flow 19-234] Refreshing IP repositories
INFO: [IP_Flow 19-1700] Loaded user IP repository 'e:/ip_repo/myip_1.0'.
INFO: [IP_Flow 19-1700] Loaded user IP repository 'e:/ip_repo/uart_uav_data_1.0'.
WARNING: [IP_Flow 19-3685] Ignored loading user repository 'e:/vivado_axidma3/repo/uart_uav_data_1.0'. The path is contained within another repository.
WARNING: [IP_Flow 19-2207] Repository 'e:/vivado_axidma3/repo/uart_uav_data_1.0' already exists; ignoring attempt to add it again.
WARNING: [IP_Flow 19-3685] Ignored loading user repository 'e:/vivado_axidma3/repo/uart_uav_data_1.0'. The path is contained within another repository.
WARNING: [IP_Flow 19-3685] Ignored loading user repository 'e:/vivado_axidma3/repo/pl_bram_rd_1.0'. The path is contained within another repository.
WARNING: [IP_Flow 19-3685] Ignored loading user repository 'e:/vivado_axidma3/repo/nav_data_rd_1.0'. The path is contained within another repository.
INFO: [IP_Flow 19-1700] Loaded user IP repository 'e:/vivado_axidma3/repo'.
WARNING: [IP_Flow 19-1663] Duplicate IP found for 'xilinx.com:user:uart_uav_data:1.0'. The one found in IP location 'e:/vivado_axidma3/repo/uart_uav_data_1.0' will take precedence over the same IP in location e:/ip_repo/uart_uav_data_1.0
INFO: [IP_Flow 19-795] Syncing license key meta-data
WARNING: [filemgmt 56-99] Vivado Synthesis ignores library specification for Verilog or SystemVerilog files. [e:/vivado_axidma3/repo/uart_uav_data_1.0/hdl/uart_rx.v:]
WARNING: [filemgmt 56-99] Vivado Synthesis ignores library specification for Verilog or SystemVerilog files. [e:/vivado_axidma3/repo/uart_uav_data_1.0/hdl/uart_uav_data_v1_0_S00_AXI.v:]
WARNING: [filemgmt 56-99] Vivado Synthesis ignores library specification for Verilog or SystemVerilog files. [e:/vivado_axidma3/repo/uart_uav_data_1.0/hdl/utc_time.v:]
WARNING: [filemgmt 56-99] Vivado Synthesis ignores library specification for Verilog or SystemVerilog files. [e:/vivado_axidma3/repo/uart_uav_data_1.0/hdl/uart_uav_data_v1_0.v:]
ipx::edit_ip_in_project: Time (s): cpu = 00:00:10 ; elapsed = 00:00:05 . Memory (MB): peak = 1754.676 ; gain = 0.000
update_compile_order -fileset sources_1
close_project
exit
INFO: [Common 17-206] Exiting Vivado at Tue Dec 30 21:35:11 2025...
