#-----------------------------------------------------------
# Vivado v2020.1 (64-bit)
# SW Build 2902540 on Wed May 27 19:54:49 MDT 2020
# IP Build 2902112 on Wed May 27 22:43:36 MDT 2020
# Start of session at: Tue Nov 25 20:26:57 2025
# Process ID: 35748
# Current directory: E:/vivado_axidma3
# Command line: vivado.exe -gui_launcher_event rodinguilauncherevent17912 E:\vivado_axidma3\uav_sar.xpr
# Log file: E:/vivado_axidma3/vivado.log
# Journal file: E:/vivado_axidma3\vivado.jou
#-----------------------------------------------------------
start_gui
open_project E:/vivado_axidma3/uav_sar.xpr
CRITICAL WARNING: [Project 1-19] Could not find the file 'E:/vivado_axidma3/tb_adc_dma_behav.wcfg'.
Scanning sources...
Finished scanning sources
WARNING: [filemgmt 56-3] IP Repository Path: Could not find the directory 'E:/vivado_axidma3/repo/nav_data_rd_1.0'.
INFO: [IP_Flow 19-234] Refreshing IP repositories
INFO: [IP_Flow 19-1700] Loaded user IP repository 'e:/ip_repo/myip_1.0'.
INFO: [IP_Flow 19-1700] Loaded user IP repository 'e:/ip_repo/uart_uav_data_1.0'.
WARNING: [IP_Flow 19-3685] Ignored loading user repository 'e:/vivado_axidma3/repo/uart_uav_data_1.0'. The path is contained within another repository.
WARNING: [IP_Flow 19-2207] Repository 'e:/vivado_axidma3/repo/uart_uav_data_1.0' already exists; ignoring attempt to add it again.
WARNING: [IP_Flow 19-3685] Ignored loading user repository 'e:/vivado_axidma3/repo/uart_uav_data_1.0'. The path is contained within another repository.
WARNING: [IP_Flow 19-3685] Ignored loading user repository 'e:/vivado_axidma3/repo/pl_bram_rd_1.0'. The path is contained within another repository.
WARNING: [IP_Flow 19-3685] Ignored loading user repository 'e:/vivado_axidma3/repo/nav_data_rd_1.0'. The path is contained within another repository.
INFO: [IP_Flow 19-1700] Loaded user IP repository 'e:/vivado_axidma3/repo'.
INFO: [IP_Flow 19-2313] Loaded Vivado IP repository 'E:/Xilinx_vitis2020/Vivado/2020.1/data/ip'.
WARNING: [IP_Flow 19-1663] Duplicate IP found for 'xilinx.com:user:uart_uav_data:1.0'. The one found in IP location 'e:/vivado_axidma3/repo/uart_uav_data_1.0' will take precedence over the same IP in location e:/ip_repo/uart_uav_data_1.0
open_project: Time (s): cpu = 00:00:27 ; elapsed = 00:00:18 . Memory (MB): peak = 1078.035 ; gain = 0.000
exit
INFO: [Common 17-206] Exiting Vivado at Tue Nov 25 20:27:46 2025...
r.bd}
Adding component instance block -- xilinx.com:ip:zynq_ultra_ps_e:3.3 - zynq_ultra_ps
Adding component instance block -- xilinx.com:ip:clk_wiz:6.0 - clk_wiz
Adding component instance block -- xilinx.com:ip:util_ds_buf:2.1 - util_ds_buf
Adding component instance block -- xilinx.com:ip:proc_sys_reset:5.0 - proc_sys_reset
Adding component instance block -- xilinx.com:ip:axis_data_fifo:2.0 - axis_data_fifo_0
Adding component instance block -- xilinx.com:ip:axi_dma:7.1 - axi_dma
Adding component instance block -- xilinx.com:ip:axi_dma:7.1 - axi_dma_0
Adding component instance block -- xilinx.com:ip:axi_data_fifo:2.1 - axi_data_fifo
Adding component instance block -- xilinx.com:ip:axi_data_fifo:2.1 - axi_data_fifo_0
Adding component instance block -- xilinx.com:ip:axi_interconnect:2.1 - axi_interconnect_0
Adding component instance block -- xilinx.com:ip:axi_crossbar:2.1 - xbar
Adding component instance block -- xilinx.com:ip:axi_protocol_converter:2.1 - auto_pc
Adding component instance block -- xilinx.com:ip:axi_interconnect:2.1 - axi_interconnect_1
Adding component instance block -- xilinx.com:ip:axi_crossbar:2.1 - xbar
Adding component instance block -- xilinx.com:ip:axi_dwidth_converter:2.1 - auto_us
Adding component instance block -- xilinx.com:ip:axi_dwidth_converter:2.1 - auto_us
Adding component instance block -- xilinx.com:user:uart_uav_data:1.0 - uart_uav_data_0
Adding component instance block -- xilinx.com:user:ad9269_sample_ctrl:1.0 - ad9269_sample_ctrl
Adding component instance block -- xilinx.com:ip:system_ila:1.1 - system_ila_1
Excluding slave segment /zynq_ultra_ps/SAXIGP2/HP0_LPS_OCM from address space /zynq_ultra_pl/axi_dma/Data_S2MM.
Excluding slave segment /zynq_ultra_ps/SAXIGP2/HP0_LPS_OCM from address space /zynq_ultra_pl/axi_dma_0/Data_S2MM.
Successfully read diagram <uav_sar> from BD file <E:/vivado_axidma3/uav_sar.srcs/sources_1/bd/uav_sar/uav_sar.bd>
open_bd_design: Time (s): cpu = 00:00:07 ; elapsed = 00:00:07 . Memory (MB): peak = 1240.973 ; gain = 1.773
update_compile_order -fileset sources_1
exit
INFO: [Common 17-206] Exiting Vivado at Tue Nov 25 20:59:55 2025...
