#-----------------------------------------------------------
# Vivado v2020.1_AR75502 (64-bit)
# SW Build 2902540 on Wed May 27 19:54:49 MDT 2020
# IP Build 2902112 on Wed May 27 22:43:36 MDT 2020
# Start of session at: Fri Jan  2 18:11:17 2026
# Process ID: 49924
# Current directory: G:/uavsar_code/vivado_axidma3
# Command line: vivado.exe -gui_launcher_event rodinguilauncherevent40184 G:\uavsar_code\vivado_axidma3\uav_sar.xpr
# Log file: G:/uavsar_code/vivado_axidma3/vivado.log
# Journal file: G:/uavsar_code/vivado_axidma3\vivado.jou
#-----------------------------------------------------------
start_gui
open_project G:/uavsar_code/vivado_axidma3/uav_sar.xpr
INFO: [Project 1-313] Project file moved from 'E:/vivado_axidma3' since last save.
CRITICAL WARNING: [Project 1-311] Could not find the file 'G:/uavsar_code/vivado_axidma3/tb_adc_dma_behav.wcfg', nor could it be found using path 'E:/vivado_axidma3/tb_adc_dma_behav.wcfg'.
Scanning sources...
Finished scanning sources
WARNING: [filemgmt 56-2] IP Repository Path: Could not find the directory 'G:/uavsar_code/ip_repo/myip_1.0', nor could it be found using path 'E:/ip_repo/myip_1.0'.
WARNING: [filemgmt 56-2] IP Repository Path: Could not find the directory 'G:/uavsar_code/ip_repo/uart_uav_data_1.0', nor could it be found using path 'E:/ip_repo/uart_uav_data_1.0'.
WARNING: [filemgmt 56-2] IP Repository Path: Could not find the directory 'G:/uavsar_code/vivado_axidma3/repo/nav_data_rd_1.0', nor could it be found using path 'E:/vivado_axidma3/repo/nav_data_rd_1.0'.
INFO: [IP_Flow 19-234] Refreshing IP repositories
WARNING: [IP_Flow 19-2248] Failed to load user IP repository 'g:/uavsar_code/ip_repo/myip_1.0'; Can't find the specified path.
If this directory should no longer be in your list of user repositories, go to the IP Settings dialog and remove it.
WARNING: [IP_Flow 19-2248] Failed to load user IP repository 'g:/uavsar_code/ip_repo/uart_uav_data_1.0'; Can't find the specified path.
If this directory should no longer be in your list of user repositories, go to the IP Settings dialog and remove it.
WARNING: [IP_Flow 19-3685] Ignored loading user repository 'g:/uavsar_code/vivado_axidma3/repo/uart_uav_data_1.0'. The path is contained within another repository.
WARNING: [IP_Flow 19-2207] Repository 'g:/uavsar_code/vivado_axidma3/repo/uart_uav_data_1.0' already exists; ignoring attempt to add it again.
WARNING: [IP_Flow 19-3685] Ignored loading user repository 'g:/uavsar_code/vivado_axidma3/repo/uart_uav_data_1.0'. The path is contained within another repository.
WARNING: [IP_Flow 19-3685] Ignored loading user repository 'g:/uavsar_code/vivado_axidma3/repo/pl_bram_rd_1.0'. The path is contained within another repository.
WARNING: [IP_Flow 19-3685] Ignored loading user repository 'g:/uavsar_code/vivado_axidma3/repo/nav_data_rd_1.0'. The path is contained within another repository.
INFO: [IP_Flow 19-1700] Loaded user IP repository 'g:/uavsar_code/vivado_axidma3/repo'.
INFO: [IP_Flow 19-2313] Loaded Vivado IP repository 'E:/Vitis2020/Vivado/2020.1/data/ip'.
open_project: Time (s): cpu = 00:00:13 ; elapsed = 00:00:23 . Memory (MB): peak = 1068.105 ; gain = 0.000
update_compile_order -fileset sources_1
exit
INFO: [Common 17-206] Exiting Vivado at Fri Jan  2 18:12:20 2026...
