#-----------------------------------------------------------
# Vivado v2020.1_AR75502 (64-bit)
# SW Build 2902540 on Wed May 27 19:54:49 MDT 2020
# IP Build 2902112 on Wed May 27 22:43:36 MDT 2020
# Start of session at: Sat Mar 28 20:45:13 2026
# Process ID: 66784
# Current directory: D:/Files/postgraduate/thesis/code/UAV-SAR code/vivado_axidma3
# Command line: vivado.exe -gui_launcher_event rodinguilauncherevent43932 D:\Files\postgraduate\thesis\code\UAV-SAR code\vivado_axidma3\uav_sar.xpr
# Log file: D:/Files/postgraduate/thesis/code/UAV-SAR code/vivado_axidma3/vivado.log
# Journal file: D:/Files/postgraduate/thesis/code/UAV-SAR code/vivado_axidma3\vivado.jou
#-----------------------------------------------------------
start_gui
open_project {D:/Files/postgraduate/thesis/code/UAV-SAR code/vivado_axidma3/uav_sar.xpr}
update_compile_order -fileset sources_1
open_bd_design {D:/Files/postgraduate/thesis/code/UAV-SAR code/vivado_axidma3/uav_sar.srcs/sources_1/bd/uav_sar/uav_sar.bd}
regenerate_bd_layout -routing
regenerate_bd_layout -routing
disconnect_bd_net /zynq_ultra_pl_aclk [get_bd_pins system_ila_1/clk]
disconnect_bd_net /axi_dma_0_s2mm_introut [get_bd_pins system_ila_1/probe0]
delete_bd_objs [get_bd_cells system_ila_1]
regenerate_bd_layout -routing
delete_bd_objs [get_bd_pins zynq_ultra_pl/aresetn]
move_bd_cells [get_bd_cells /] [get_bd_cells zynq_ultra_pl/uart_uav_data_0]
set_property location {1 826 263} [get_bd_cells uart_uav_data_0]
set_property location {1 977 -424} [get_bd_cells uart_uav_data_0]
undo
undo
undo
move_bd_cells [get_bd_cells /] [get_bd_cells zynq_ultra_pl/axi_interconnect_0]
undo
move_bd_cells [get_bd_cells /] [get_bd_cells zynq_ultra_pl/uart_uav_data_0]
undo
move_bd_cells [get_bd_cells /] [get_bd_cells zynq_ultra_pl/uart_uav_data_0]
undo
move_bd_cells [get_bd_cells /] [get_bd_cells zynq_ultra_pl/ad9269_sample_ctrl]
undo
regenerate_bd_layout -routing
regenerate_bd_layout -routing
move_bd_cells [get_bd_cells /] [get_bd_cells zynq_ultra_pl/axi_data_fifo_0]
undo
move_bd_cells [get_bd_cells /] [get_bd_cells zynq_ultra_pl/axi_interconnect_1]
undo
move_bd_cells [get_bd_cells /] [get_bd_cells zynq_ultra_pl/axi_interconnect_1]
undo
regenerate_bd_layout -routing
regenerate_bd_layout -routing
regenerate_bd_layout -routing
move_bd_cells [get_bd_cells /] [get_bd_cells zynq_ultra_pl/axi_dma]
undo
create_bd_cell -type ip -vlnv xilinx.com:ip:axis_data_fifo:2.0 axis_data_fifo_0
set_property location {1 842 -538} [get_bd_cells axis_data_fifo_0]
move_bd_cells [get_bd_cells zynq_ultra_pl] [get_bd_cells axis_data_fifo_0]
delete_bd_objs [get_bd_intf_nets zynq_ultra_pl/axis_data_fifo_M_AXIS]
connect_bd_intf_net [get_bd_intf_pins zynq_ultra_pl/ad9269_sample_ctrl/m00_axis] [get_bd_intf_pins zynq_ultra_pl/axis_data_fifo_1/S_AXIS]
connect_bd_intf_net [get_bd_intf_pins zynq_ultra_pl/axis_data_fifo_1/M_AXIS] [get_bd_intf_pins zynq_ultra_pl/axi_dma/S_AXIS_S2MM]
connect_bd_net [get_bd_pins zynq_ultra_pl/axis_data_fifo_1/s_axis_aresetn] [get_bd_pins zynq_ultra_pl/proc_sys_reset/peripheral_aresetn]
connect_bd_net [get_bd_pins zynq_ultra_pl/axis_data_fifo_1/s_axis_aclk] [get_bd_pins zynq_ultra_pl/clk_wiz/clk_out1]
regenerate_bd_layout -routing
set_property location {2 2471 719} [get_bd_cells zynq_ultra_ps]
set_property location {2 2483 519} [get_bd_cells zynq_ultra_ps]
regenerate_bd_layout -routing
regenerate_bd_layout -routing
regenerate_bd_layout -routing
regenerate_bd_layout -routing
set_property location {2 2550 547} [get_bd_cells zynq_ultra_ps]
set_property location {2 2548 534} [get_bd_cells zynq_ultra_ps]
regenerate_bd_layout -routing
set_property location {2 2499 545} [get_bd_cells zynq_ultra_ps]
set_property location {2 2497 529} [get_bd_cells zynq_ultra_ps]
set_property location {2 2503 535} [get_bd_cells zynq_ultra_ps]
set_property location {1 1673 1228} [get_bd_cells zynq_ultra_ps]
regenerate_bd_layout -routing
set_property location {1 1280 1176} [get_bd_cells zynq_ultra_ps]
regenerate_bd_layout -routing
write_bd_layout -format pdf -orientation portrait -force E:/Files/uav_sar/vivado_axidma3/uav_sar.pdf
write_bd_layout -format pdf -orientation portrait D:/Files/postgraduate/fig/uav_sar.pdf
write_bd_layout -format pdf -orientation portrait D:/Files/postgraduate/fig/uav_sar.pdf
regenerate_bd_layout -routing
write_bd_layout -format pdf -orientation portrait C:/Users/Administrator/Desktop/uav_sar.pdf
ipx::edit_ip_in_project -upgrade true -name ad9269_sample_ctrl_v1_0_project -directory {D:/Files/postgraduate/thesis/code/UAV-SAR\ code/vivado_axidma3/uav_sar.tmp/ad9269_sample_ctrl_v1_0_project} {d:/Files/postgraduate/thesis/code/UAV-SAR code/vivado_axidma3/repo/radar_sample_ctrl/component.xml}
update_compile_order -fileset sources_1
current_project uav_sar
ipx::edit_ip_in_project -upgrade true -name uart_uav_data_v1_0_project -directory {D:/Files/postgraduate/thesis/code/UAV-SAR\ code/vivado_axidma3/uav_sar.tmp/uart_uav_data_v1_0_project} {d:/Files/postgraduate/thesis/code/UAV-SAR code/vivado_axidma3/repo/uart_uav_data_1.0/component.xml}
update_compile_order -fileset sources_1
current_project ad9269_sample_ctrl_v1_0_project
current_project uart_uav_data_v1_0_project
current_project ad9269_sample_ctrl_v1_0_project
current_project uav_sar
current_project ad9269_sample_ctrl_v1_0_project
close_project
close_project
