Copyright 1986-2020 Xilinx, Inc. All Rights Reserved.
---------------------------------------------------------------------------------------------------------
| Tool Version : Vivado v.2020.1 (win64) Build 2902540 Wed May 27 19:54:49 MDT 2020
| Date         : Tue Dec 30 11:15:17 2025
| Host         : WIN-DQCLN0PBKKI running 64-bit major release  (build 9200)
| Command      : report_utilization -file uav_sar_utilization_synth.rpt -pb uav_sar_utilization_synth.pb
| Design       : uav_sar
| Device       : xczu2cgsfvc784-1
| Design State : Synthesized
---------------------------------------------------------------------------------------------------------

Utilization Design Information

Table of Contents
-----------------
1. CLB Logic
1.1 Summary of Registers by Type
2. BLOCKRAM
3. ARITHMETIC
4. I/O
5. CLOCK
6. ADVANCED
7. CONFIGURATION
8. Primitives
9. Black Boxes
10. Instantiated Netlists

1. CLB Logic
------------

+----------------------------+-------+-------+-----------+-------+
|          Site Type         |  Used | Fixed | Available | Util% |
+----------------------------+-------+-------+-----------+-------+
| CLB LUTs*                  | 12133 |     0 |     47232 | 25.69 |
|   LUT as Logic             | 11605 |     0 |     47232 | 24.57 |
|   LUT as Memory            |   528 |     0 |     28800 |  1.83 |
|     LUT as Distributed RAM |    16 |     0 |           |       |
|     LUT as Shift Register  |   512 |     0 |           |       |
| CLB Registers              |  9554 |     0 |     94464 | 10.11 |
|   Register as Flip Flop    |  9554 |     0 |     94464 | 10.11 |
|   Register as Latch        |     0 |     0 |     94464 |  0.00 |
| CARRY8                     |   578 |     0 |      8820 |  6.55 |
| F7 Muxes                   |     7 |     0 |     35280 |  0.02 |
| F8 Muxes                   |     0 |     0 |     17640 |  0.00 |
| F9 Muxes                   |     0 |     0 |      8820 |  0.00 |
+----------------------------+-------+-------+-----------+-------+
* Warning! The Final LUT count, after physical optimizations and full implementation, is typically lower. Run opt_design after synthesis, if not already completed, for a more realistic count.


1.1 Summary of Registers by Type
--------------------------------

+-------+--------------+-------------+--------------+
| Total | Clock Enable | Synchronous | Asynchronous |
+-------+--------------+-------------+--------------+
| 0     |            _ |           - |            - |
| 0     |            _ |           - |          Set |
| 0     |            _ |           - |        Reset |
| 0     |            _ |         Set |            - |
| 0     |            _ |       Reset |            - |
| 0     |          Yes |           - |            - |
| 3     |          Yes |           - |          Set |
| 1292  |          Yes |           - |        Reset |
| 198   |          Yes |         Set |            - |
| 8061  |          Yes |       Reset |            - |
+-------+--------------+-------------+--------------+


2. BLOCKRAM
-----------

+-------------------+------+-------+-----------+-------+
|     Site Type     | Used | Fixed | Available | Util% |
+-------------------+------+-------+-----------+-------+
| Block RAM Tile    |   72 |     0 |       150 | 48.00 |
|   RAMB36/FIFO*    |   71 |     0 |       150 | 47.33 |
|     FIFO36E2 only |    8 |       |           |       |
|     RAMB36E2 only |   63 |       |           |       |
|   RAMB18          |    2 |     0 |       300 |  0.67 |
|     RAMB18E2 only |    2 |       |           |       |
+-------------------+------+-------+-----------+-------+
* Note: Each Block RAM Tile only has one FIFO logic available and therefore can accommodate only one FIFO36E2 or one FIFO18E2. However, if a FIFO18E2 occupies a Block RAM Tile, that tile can still accommodate a RAMB18E2


3. ARITHMETIC
-------------

+-----------+------+-------+-----------+-------+
| Site Type | Used | Fixed | Available | Util% |
+-----------+------+-------+-----------+-------+
| DSPs      |    0 |     0 |       240 |  0.00 |
+-----------+------+-------+-----------+-------+


4. I/O
------

+------------+------+-------+-----------+-------+
|  Site Type | Used | Fixed | Available | Util% |
+------------+------+-------+-----------+-------+
| Bonded IOB |    0 |     0 |       252 |  0.00 |
+------------+------+-------+-----------+-------+


5. CLOCK
--------

+----------------------+------+-------+-----------+-------+
|       Site Type      | Used | Fixed | Available | Util% |
+----------------------+------+-------+-----------+-------+
| GLOBAL CLOCK BUFFERs |    3 |     0 |       196 |  1.53 |
|   BUFGCE             |    2 |     0 |        88 |  2.27 |
|   BUFGCE_DIV         |    0 |     0 |        12 |  0.00 |
|   BUFG_PS            |    1 |     0 |        72 |  1.39 |
|   BUFGCTRL*          |    0 |     0 |        24 |  0.00 |
| PLL                  |    1 |     0 |         6 | 16.67 |
| MMCM                 |    0 |     0 |         3 |  0.00 |
+----------------------+------+-------+-----------+-------+
* Note: Each used BUFGCTRL counts as two GLOBAL CLOCK BUFFERs. This table does not include global clocking resources, only buffer cell usage. See the Clock Utilization Report (report_clock_utilization) for detailed accounting of global clocking resource availability.


6. ADVANCED
-----------

+-----------+------+-------+-----------+--------+
| Site Type | Used | Fixed | Available |  Util% |
+-----------+------+-------+-----------+--------+
| PS8       |    1 |     0 |         1 | 100.00 |
| SYSMONE4  |    0 |     0 |         1 |   0.00 |
+-----------+------+-------+-----------+--------+


7. CONFIGURATION
----------------

+-------------+------+-------+-----------+-------+
|  Site Type  | Used | Fixed | Available | Util% |
+-------------+------+-------+-----------+-------+
| BSCANE2     |    0 |     0 |         4 |  0.00 |
| DNA_PORTE2  |    0 |     0 |         1 |  0.00 |
| EFUSE_USR   |    0 |     0 |         1 |  0.00 |
| FRAME_ECCE4 |    0 |     0 |         1 |  0.00 |
| ICAPE3      |    0 |     0 |         2 |  0.00 |
| MASTER_JTAG |    0 |     0 |         1 |  0.00 |
| STARTUPE3   |    0 |     0 |         1 |  0.00 |
+-------------+------+-------+-----------+-------+


8. Primitives
-------------

+-----------+------+---------------------+
|  Ref Name | Used | Functional Category |
+-----------+------+---------------------+
| FDRE      | 8061 |            Register |
| LUT6      | 3920 |                 CLB |
| LUT3      | 2937 |                 CLB |
| LUT4      | 1975 |                 CLB |
| LUT2      | 1935 |                 CLB |
| LUT5      | 1836 |                 CLB |
| FDCE      | 1292 |            Register |
| LUT1      |  981 |                 CLB |
| CARRY8    |  578 |                 CLB |
| SRL16E    |  364 |                 CLB |
| FDSE      |  198 |            Register |
| SRLC32E   |  178 |                 CLB |
| RAMB36E2  |   63 |           Block Ram |
| RAMD32    |   28 |                 CLB |
| FIFO36E2  |    8 |           Block Ram |
| MUXF7     |    7 |                 CLB |
| RAMS32    |    4 |                 CLB |
| FDPE      |    3 |            Register |
| SRLC16E   |    2 |                 CLB |
| RAMB18E2  |    2 |           Block Ram |
| BUFGCE    |    2 |               Clock |
| PS8       |    1 |            Advanced |
| PLLE4_ADV |    1 |               Clock |
| BUFG_PS   |    1 |               Clock |
+-----------+------+---------------------+


9. Black Boxes
--------------

+----------+------+
| Ref Name | Used |
+----------+------+


10. Instantiated Netlists
-------------------------

+----------+------+
| Ref Name | Used |
+----------+------+


